HEAD: 84a0090 Change the engine under 0.1.1-rc.14 (engine code changed under 0.1.1-rc.14; its parent is the carrier b221534)

#### Control: nothing planted
-- node <the check of b221534> --root <clone>
::error file=artifacts/zodiacs-engine-0.1.1-rc.14.tgz::artifacts/zodiacs-engine-0.1.1-rc.14.tgz is not the archive HEAD (84a009007f88) builds. Restore the source it was packed from, or bump the version and pack anew.
  package/dist/index.js: recorded 43d93ee2fd184c55cb6c7f1d45fec7b0d2c230a821337e57d9d71453a533956b, rebuilt e9a51edeef59240b77b96cf850f3bcc054b5fdee471e1062d3200b8e836320b5
1 archive binding failure.
exit=1
-- node <the check of this checkout> --root <clone>
Running the check in a new Node process without NODE_OPTIONS=--max-old-space-size=8192.
::error file=artifacts/zodiacs-engine-0.1.1-rc.14.tgz::artifacts/zodiacs-engine-0.1.1-rc.14.tgz is not the archive HEAD (84a009007f88) builds. Restore the source it was packed from, or bump the version and pack anew.
  package/dist/index.js: recorded 43d93ee2fd184c55cb6c7f1d45fec7b0d2c230a821337e57d9d71453a533956b, rebuilt e9a51edeef59240b77b96cf850f3bcc054b5fdee471e1062d3200b8e836320b5
1 archive binding failure.
exit=1

#### C. A git in node_modules/.bin that checks out HEAD's parent when asked for HEAD
git status: 0 changed paths
-- npm run archive:binding, with the check of b221534
artifacts/zodiacs-engine-0.1.1-rc.14.tgz is byte-identical to a rebuild of HEAD (84a009007f88) on Node v22.22.2: sha256 adc9805e22cd2468fa3340a864d9c53b36ff91e8f1592fdb35d8da8b69f4476e, 87415 bytes.
9 recorded archives (8 carried, 1 superseded) and their receipts hold only their recorded bytes across 49 commits, and each is bound to its source commit.
exit=0
the planted git ran 202 times
-- npm run archive:binding, with the check of this checkout
Running the check in a new Node process without NODE_OPTIONS=--max-old-space-size=8192.
::error file=artifacts/zodiacs-engine-0.1.1-rc.14.tgz::artifacts/zodiacs-engine-0.1.1-rc.14.tgz is not the archive HEAD (84a009007f88) builds. Restore the source it was packed from, or bump the version and pack anew.
  package/dist/index.js: recorded 43d93ee2fd184c55cb6c7f1d45fec7b0d2c230a821337e57d9d71453a533956b, rebuilt e9a51edeef59240b77b96cf850f3bcc054b5fdee471e1062d3200b8e836320b5
1 archive binding failure.
exit=1
the planted git ran 0 times

#### N. An .npmrc whose node-options loads a hook that writes dist/ from the carried archive into tsup's run
git status: ?? .npmrc 
-- npm run archive:binding, with the check of b221534
artifacts/zodiacs-engine-0.1.1-rc.14.tgz is byte-identical to a rebuild of HEAD (84a009007f88) on Node v22.22.2: sha256 adc9805e22cd2468fa3340a864d9c53b36ff91e8f1592fdb35d8da8b69f4476e, 87415 bytes.
9 recorded archives (8 carried, 1 superseded) and their receipts hold only their recorded bytes across 49 commits, and each is bound to its source commit.
exit=0
the hook ran in:  3 /opt/node22/bin/npm; 1 <...>/node_modules/.bin/tsup; 1 <clone>/scripts/verify-archive-binding.mjs
-- npm run archive:binding, with the check of this checkout
Running the check in a new Node process without NODE_OPTIONS=--require <clone>/node_modules/.hook.cjs.
::error file=artifacts/zodiacs-engine-0.1.1-rc.14.tgz::artifacts/zodiacs-engine-0.1.1-rc.14.tgz is not the archive HEAD (84a009007f88) builds. Restore the source it was packed from, or bump the version and pack anew.
  package/dist/index.js: recorded 43d93ee2fd184c55cb6c7f1d45fec7b0d2c230a821337e57d9d71453a533956b, rebuilt e9a51edeef59240b77b96cf850f3bcc054b5fdee471e1062d3200b8e836320b5
1 archive binding failure.
exit=1
the hook ran in:  1 <clone>/scripts/verify-archive-binding.mjs

#### T. TMPDIR inside the clone, and a node in node_modules/.bin that writes dist/ from the carried archive when it runs tsup
git status: 
-- node <the check of b221534> --root <clone>, with TMPDIR=<clone>/.tmp
artifacts/zodiacs-engine-0.1.1-rc.14.tgz is byte-identical to a rebuild of HEAD (84a009007f88) on Node v22.22.2: sha256 adc9805e22cd2468fa3340a864d9c53b36ff91e8f1592fdb35d8da8b69f4476e, 87415 bytes.
9 recorded archives (8 carried, 1 superseded) and their receipts hold only their recorded bytes across 49 commits, and each is bound to its source commit.
exit=0
-- node <the check of this checkout> --root <clone>, with TMPDIR=<clone>/.tmp
Running the check in a new Node process without NODE_OPTIONS=--max-old-space-size=8192.
::error file=scripts/verify-archive-binding.mjs::The temporary directory <clone>/.tmp (TMPDIR) is inside the checkout; set TMPDIR to a directory outside it.
1 archive binding failure.
exit=1

#### H. A post-checkout hook in .git that puts HEAD's parent's sources back
git status: 0 changed paths
-- node <the check of b221534> --root <clone>
artifacts/zodiacs-engine-0.1.1-rc.14.tgz is byte-identical to a rebuild of HEAD (84a009007f88) on Node v22.22.2: sha256 adc9805e22cd2468fa3340a864d9c53b36ff91e8f1592fdb35d8da8b69f4476e, 87415 bytes.
9 recorded archives (8 carried, 1 superseded) and their receipts hold only their recorded bytes across 49 commits, and each is bound to its source commit.
exit=0
the hook ran: yes
-- node <the check of this checkout> --root <clone>
Running the check in a new Node process without NODE_OPTIONS=--max-old-space-size=8192.
::error file=artifacts/zodiacs-engine-0.1.1-rc.14.tgz::artifacts/zodiacs-engine-0.1.1-rc.14.tgz is not the archive HEAD (84a009007f88) builds. Restore the source it was packed from, or bump the version and pack anew.
  package/dist/index.js: recorded 43d93ee2fd184c55cb6c7f1d45fec7b0d2c230a821337e57d9d71453a533956b, rebuilt e9a51edeef59240b77b96cf850f3bcc054b5fdee471e1062d3200b8e836320b5
1 archive binding failure.
exit=1
the hook ran: no
