# Every gate on 452c98b from a clean full-history clone, by a script outside the repository. The clone first
# checks out the local source repository's own HEAD, which git reports below; everything after runs at 452c98b.
Note: switching to '537ecaf4d5ebf8ffbf34dfd8b1d2082ab13ca0e2'.

You are in 'detached HEAD' state. You can look around, make experimental
changes and commit them, and you can discard any commits you make in this
state without impacting any branches by switching back to a branch.

If you want to create a new branch to retain commits you create, you may
do so (now or later) by using -c with the switch command. Example:

  git switch -c <new-branch-name>

Or undo this operation with:

  git switch -

Turn off this advice by setting config variable advice.detachedHead to false

HEAD 452c98b6be9c894107c09b75a853c8be5949adb7 (Keep the checkout from steering the archive check); shallow false; clean 0 changes; 49 commits
packed files unchanged since the carrier b221534: yes
machine: NODE_OPTIONS=--max-old-space-size=8192; TMPDIR=<tmp>
carried archive: adc9805e22cd2468fa3340a864d9c53b36ff91e8f1592fdb35d8da8b69f4476e, 87415 bytes
== node v20.19.0, npm 10.8.2
npm ci ok
tests exit 0:  Test Files 34 passed (34),  Tests 2687 passed (2687)
build ok
pack: sha256 adc9805e22cd2468fa3340a864d9c53b36ff91e8f1592fdb35d8da8b69f4476e, 87415 bytes; identical to the carried archive
== node v20.19.0, npm 10.8.2: node scripts/verify-archive-binding.mjs
artifacts/zodiacs-engine-0.1.1-rc.14.tgz is byte-identical to a rebuild of HEAD (452c98b6be9c) on Node v20.19.0: sha256 adc9805e22cd2468fa3340a864d9c53b36ff91e8f1592fdb35d8da8b69f4476e, 87415 bytes.
9 recorded archives (8 carried, 1 superseded) and their receipts hold only their recorded bytes across 49 commits, and each is bound to its source commit.
exit=0
== node v20.19.0, npm 10.8.2: npm run archive:binding
artifacts/zodiacs-engine-0.1.1-rc.14.tgz is byte-identical to a rebuild of HEAD (452c98b6be9c) on Node v20.19.0: sha256 adc9805e22cd2468fa3340a864d9c53b36ff91e8f1592fdb35d8da8b69f4476e, 87415 bytes.
9 recorded archives (8 carried, 1 superseded) and their receipts hold only their recorded bytes across 49 commits, and each is bound to its source commit.
exit=0
== node v20.19.0, npm 10.8.2: node scripts/verify-archive-binding.mjs --rebuild-all
artifacts/zodiacs-engine-0.1.1-rc.14.tgz is byte-identical to a rebuild of HEAD (452c98b6be9c) on Node v20.19.0: sha256 adc9805e22cd2468fa3340a864d9c53b36ff91e8f1592fdb35d8da8b69f4476e, 87415 bytes.
9 recorded archives (8 carried, 1 superseded) and their receipts hold only their recorded bytes across 49 commits, and each is bound to its source commit.
exit=0
== node v20.19.0, npm 10.8.2: npm run archive:binding -- --rebuild-all
artifacts/zodiacs-engine-0.1.1-rc.14.tgz is byte-identical to a rebuild of HEAD (452c98b6be9c) on Node v20.19.0: sha256 adc9805e22cd2468fa3340a864d9c53b36ff91e8f1592fdb35d8da8b69f4476e, 87415 bytes.
9 recorded archives (8 carried, 1 superseded) and their receipts hold only their recorded bytes across 49 commits, and each is bound to its source commit.
exit=0
== node v22.22.2, npm 10.9.7
npm ci ok
tests exit 0:  Test Files 34 passed (34),  Tests 2687 passed (2687)
build ok
pack: sha256 adc9805e22cd2468fa3340a864d9c53b36ff91e8f1592fdb35d8da8b69f4476e, 87415 bytes; identical to the carried archive
== node v22.22.2, npm 10.9.7: node scripts/verify-archive-binding.mjs
artifacts/zodiacs-engine-0.1.1-rc.14.tgz is byte-identical to a rebuild of HEAD (452c98b6be9c) on Node v22.22.2: sha256 adc9805e22cd2468fa3340a864d9c53b36ff91e8f1592fdb35d8da8b69f4476e, 87415 bytes.
9 recorded archives (8 carried, 1 superseded) and their receipts hold only their recorded bytes across 49 commits, and each is bound to its source commit.
exit=0
== node v22.22.2, npm 10.9.7: npm run archive:binding
artifacts/zodiacs-engine-0.1.1-rc.14.tgz is byte-identical to a rebuild of HEAD (452c98b6be9c) on Node v22.22.2: sha256 adc9805e22cd2468fa3340a864d9c53b36ff91e8f1592fdb35d8da8b69f4476e, 87415 bytes.
9 recorded archives (8 carried, 1 superseded) and their receipts hold only their recorded bytes across 49 commits, and each is bound to its source commit.
exit=0
== node v22.22.2, npm 10.9.7: node scripts/verify-archive-binding.mjs --rebuild-all
artifacts/zodiacs-engine-0.1.1-rc.14.tgz is byte-identical to a rebuild of HEAD (452c98b6be9c) on Node v22.22.2: sha256 adc9805e22cd2468fa3340a864d9c53b36ff91e8f1592fdb35d8da8b69f4476e, 87415 bytes.
9 recorded archives (8 carried, 1 superseded) and their receipts hold only their recorded bytes across 49 commits, and each is bound to its source commit.
exit=0
== node v22.22.2, npm 10.9.7: npm run archive:binding -- --rebuild-all
artifacts/zodiacs-engine-0.1.1-rc.14.tgz is byte-identical to a rebuild of HEAD (452c98b6be9c) on Node v22.22.2: sha256 adc9805e22cd2468fa3340a864d9c53b36ff91e8f1592fdb35d8da8b69f4476e, 87415 bytes.
9 recorded archives (8 carried, 1 superseded) and their receipts hold only their recorded bytes across 49 commits, and each is bound to its source commit.
exit=0
== node v24.21.0, npm 11.19.0
npm ci ok
tests exit 0:  Test Files 34 passed (34),  Tests 2687 passed (2687)
build ok
pack: sha256 adc9805e22cd2468fa3340a864d9c53b36ff91e8f1592fdb35d8da8b69f4476e, 87415 bytes; identical to the carried archive
== node v24.21.0, npm 11.19.0: node scripts/verify-archive-binding.mjs
artifacts/zodiacs-engine-0.1.1-rc.14.tgz is byte-identical to a rebuild of HEAD (452c98b6be9c) on Node v24.21.0: sha256 adc9805e22cd2468fa3340a864d9c53b36ff91e8f1592fdb35d8da8b69f4476e, 87415 bytes.
9 recorded archives (8 carried, 1 superseded) and their receipts hold only their recorded bytes across 49 commits, and each is bound to its source commit.
exit=0
== node v24.21.0, npm 11.19.0: npm run archive:binding
artifacts/zodiacs-engine-0.1.1-rc.14.tgz is byte-identical to a rebuild of HEAD (452c98b6be9c) on Node v24.21.0: sha256 adc9805e22cd2468fa3340a864d9c53b36ff91e8f1592fdb35d8da8b69f4476e, 87415 bytes.
9 recorded archives (8 carried, 1 superseded) and their receipts hold only their recorded bytes across 49 commits, and each is bound to its source commit.
exit=0
== node v24.21.0, npm 11.19.0: node scripts/verify-archive-binding.mjs --rebuild-all
artifacts/zodiacs-engine-0.1.1-rc.14.tgz is byte-identical to a rebuild of HEAD (452c98b6be9c) on Node v24.21.0: sha256 adc9805e22cd2468fa3340a864d9c53b36ff91e8f1592fdb35d8da8b69f4476e, 87415 bytes.
9 recorded archives (8 carried, 1 superseded) and their receipts hold only their recorded bytes across 49 commits, and each is bound to its source commit.
exit=0
== node v24.21.0, npm 11.19.0: npm run archive:binding -- --rebuild-all
artifacts/zodiacs-engine-0.1.1-rc.14.tgz is byte-identical to a rebuild of HEAD (452c98b6be9c) on Node v24.21.0: sha256 adc9805e22cd2468fa3340a864d9c53b36ff91e8f1592fdb35d8da8b69f4476e, 87415 bytes.
9 recorded archives (8 carried, 1 superseded) and their receipts hold only their recorded bytes across 49 commits, and each is bound to its source commit.
exit=0
== node v22.22.2: package contents, pack dry run
@zodiacs/engine package contents passed (30 files, 282469 bytes unpacked; license MIT AND CC-BY-4.0; node ^20.19.0 || >=22.7.0)
exit=0
pack dry run exit=0: 
worktrees left: 1; rebuild directories left: 0
== node v22.22.2: the archive binding tests with b221534's check in place of this one, then with this one
b221534's check: vitest exit 1:  Tests 7 failed | 16 passed (23)
   × archive binding check > refuses numeric identifiers above 2^53 - 1, where npm's semver.eq takes two versions for one
   × archive binding check > refuses names that a case-insensitive or normalizing file system takes for one: variants of artifacts/, or two archives in it
   × archive binding check > never runs a git that npm run puts on PATH from the checkout
   × archive binding check > keeps code that an .npmrc names for NODE_OPTIONS out of the check and its rebuilds
   × archive binding check > refuses a TMPDIR inside the checkout, or with a node_modules or package.json above it
   × archive binding check > runs no hook from the checkout's .git
   × archive binding check > ignores replace refs and grafts in the checkout's .git
this commit's check restored: 0 changed paths
this commit's check: vitest exit 0:  Tests 23 passed (23)
== the GitHub merge onto main, simulated: git checkout -B sim 8c4946b1 && git merge --no-ff 452c98b
merge 944e47d, parents 8c4946b142c7 452c98b6be9c; tree identical to 452c98b's: yes
== node v22.22.2, npm 10.9.7: merge: node scripts/verify-archive-binding.mjs
artifacts/zodiacs-engine-0.1.1-rc.14.tgz is byte-identical to a rebuild of HEAD (944e47d29d59) on Node v22.22.2: sha256 adc9805e22cd2468fa3340a864d9c53b36ff91e8f1592fdb35d8da8b69f4476e, 87415 bytes.
9 recorded archives (8 carried, 1 superseded) and their receipts hold only their recorded bytes across 50 commits, and each is bound to its source commit.
exit=0
== node v22.22.2, npm 10.9.7: merge: npm run archive:binding
artifacts/zodiacs-engine-0.1.1-rc.14.tgz is byte-identical to a rebuild of HEAD (944e47d29d59) on Node v22.22.2: sha256 adc9805e22cd2468fa3340a864d9c53b36ff91e8f1592fdb35d8da8b69f4476e, 87415 bytes.
9 recorded archives (8 carried, 1 superseded) and their receipts hold only their recorded bytes across 50 commits, and each is bound to its source commit.
exit=0
== node v22.22.2, npm 10.9.7: merge: node scripts/verify-archive-binding.mjs --rebuild-all
artifacts/zodiacs-engine-0.1.1-rc.14.tgz is byte-identical to a rebuild of HEAD (944e47d29d59) on Node v22.22.2: sha256 adc9805e22cd2468fa3340a864d9c53b36ff91e8f1592fdb35d8da8b69f4476e, 87415 bytes.
9 recorded archives (8 carried, 1 superseded) and their receipts hold only their recorded bytes across 50 commits, and each is bound to its source commit.
exit=0
rebuild directories left: 0
VERIFY FOLLOWUP DONE
verify-followup exit=0
