# sh carrier-gates.sh engine at e790362 in a clean full-history clone, without NODE_OPTIONS; Node v22.22.2, npm 10.9.7, git 2.43.0, 2026-10-07
## npm ci
added 110 packages in 2s
exit 0
## npm run typecheck
exit 0
## npm test
 Test Files  86 passed (86)
      Tests  3852 passed | 1 skipped (3853)
exit 0
## npm run build
exit 0
## npm run exports:smoke
@zodiacs/engine export smoke test passed; receipt, crossings and deltat graphs have no external imports, the core graph (24 source modules in the build's module list, 23 marked in 11 files) reaches no module of an opt-in entry and no zone history, the geo entry loads its 16 shards lazily, and a bundler can leave out every table of the built files a program does not read, but in programs that load ./calc or ./vedic
exit 0
## npm run api:check
api-report: 12 entry points match api/
exit 0
## npm run package:contents
@zodiacs/engine package contents passed (74 files, 989528 bytes unpacked of 1000000; import graphs: . 105980 of 108500, ./calc 145261 of 145500 (65122 beyond the core's), ./crossings 9942 of 10000 (173 beyond the core's), ./deltat 5232 of 5500 (161 beyond the core's), ./geo 35439 of 35500 (32510 beyond the core's), ./houses 13678 of 15000 (13678 beyond the core's), ./internal 66287 of 68000 (305 beyond the core's), ./internal/math 19175 of 20000 (1325 beyond the core's), ./receipt 69496 of 70000 (43537 beyond the core's), ./sky 94149 of 97000 (16939 beyond the core's), ./techniques 155805 of 160000 (63781 beyond the core's), ./timing 125356 of 129000 (32660 beyond the core's), ./vedic 127751 of 128000 (35727 beyond the core's), ./window 104242 of 105000 (33872 beyond the core's); zone histories 189144 of 200000 in 16 files; license MIT AND CC-BY-4.0; node ^20.19.0 || >=22.7.0)
exit 0
## npm run pack:dry-run
npm notice
npm notice package: @zodiacs/engine@1.0.0-rc.2
npm notice Tarball Contents
npm notice 111.9kB CHANGELOG.md
npm notice 1.1kB LICENSE
npm notice 26.2kB LICENSING.md
npm notice 10.1kB NOTICE
npm notice 61.5kB README.md
npm notice 11.0kB dist/api-WbxJ4Wj-.d.ts
npm notice 6.4kB dist/ayanamsa--YQ46fET.d.ts
npm notice 18.2kB dist/calc.d.ts
npm notice 44.7kB dist/calc.js
npm notice 989B dist/chunk-47ERTK5X.js
npm notice 508B dist/chunk-A3U2ZS2W.js
npm notice 13.2kB dist/chunk-B5LKF437.js
npm notice 5.1kB dist/chunk-BHJXUY67.js
npm notice 29.8kB dist/chunk-BXBMGXAW.js
npm notice 1.5kB dist/chunk-CPALRSPC.js
npm notice 11.9kB dist/chunk-G3G4OHEP.js
npm notice 672B dist/chunk-HRQO5EVB.js
npm notice 2.4kB dist/chunk-KFTJMMG7.js
npm notice 18.1kB dist/chunk-L6GKYN5B.js
npm notice 2.9kB dist/chunk-PFGUCNOK.js
npm notice 11.6kB dist/chunk-QJBGSY2B.js
npm notice 9.8kB dist/chunk-TSS2SZWQ.js
npm notice 1.3kB dist/chunk-XGK2AD4T.js
npm notice 24.1kB dist/chunk-YIITY7Q7.js
npm notice 6.2kB dist/chunk-ZX3QENKK.js
npm notice 4.6kB dist/crossings.d.ts
npm notice 173B dist/crossings.js
npm notice 5.1kB dist/deltat.d.ts
npm notice 161B dist/deltat.js
npm notice 9.4kB dist/geo.d.ts
npm notice 6.0kB dist/geo.js
npm notice 7.7kB dist/houses-CFERsAlK.d.ts
npm notice 4.7kB dist/houses-extra.d.ts
npm notice 13.7kB dist/houses-extra.js
npm notice 15.5kB dist/index.d.ts
npm notice 13.3kB dist/index.js
npm notice 6.2kB dist/internal-math-DJJ8BYex.d.ts
npm notice 1.1kB dist/internal-math.d.ts
npm notice 1.3kB dist/internal-math.js
npm notice 522B dist/internal.d.ts
npm notice 305B dist/internal.js
npm notice 909B dist/receipt.d.ts
npm notice 41.1kB dist/receipt.js
npm notice 2.0kB dist/reference-span-CILpclrz.d.ts
npm notice 835B dist/rulers-Dla6h_Sm.d.ts
npm notice 8.0kB dist/sky.d.ts
npm notice 15.1kB dist/sky.js
npm notice 22.1kB dist/techniques.d.ts
npm notice 36.3kB dist/techniques.js
npm notice 23.8kB dist/timing.d.ts
npm notice 31.2kB dist/timing.js
npm notice 9.6kB dist/types-B-yb_tGL.d.ts
npm notice 11.6kB dist/tzdb-2025c-00-6GVG6RYL.js
npm notice 10.9kB dist/tzdb-2025c-01-CEYMG3LE.js
npm notice 16.7kB dist/tzdb-2025c-02-NWQJCVUU.js
npm notice 8.7kB dist/tzdb-2025c-03-PLHP6VH4.js
npm notice 12.1kB dist/tzdb-2025c-04-MEKUJA6M.js
npm notice 12.7kB dist/tzdb-2025c-05-3K5YKZBL.js
npm notice 10.5kB dist/tzdb-2025c-06-L2VV5XJV.js
npm notice 15.5kB dist/tzdb-2025c-07-H3GLGJGY.js
npm notice 12.4kB dist/tzdb-2025c-08-DA7QQIGD.js
npm notice 10.3kB dist/tzdb-2025c-09-MTXIO3QL.js
npm notice 9.2kB dist/tzdb-2025c-10-ASL4UW5C.js
npm notice 14.2kB dist/tzdb-2025c-11-EQEOANYB.js
npm notice 12.2kB dist/tzdb-2025c-12-NKCCXJ5G.js
npm notice 10.2kB dist/tzdb-2025c-13-DYTF3UC7.js
npm notice 10.2kB dist/tzdb-2025c-14-C25H45R5.js
npm notice 11.5kB dist/tzdb-2025c-15-7OYYZWRY.js
npm notice 14.9kB dist/vedic.d.ts
npm notice 16.6kB dist/vedic.js
npm notice 8.0kB dist/window.d.ts
npm notice 33.9kB dist/window.js
npm notice 11.1kB dist/zone-history-ghdyO0Sc.d.ts
npm notice 3.8kB package.json
npm notice Tarball Details
npm notice name: @zodiacs/engine
npm notice version: 1.0.0-rc.2
npm notice filename: zodiacs-engine-1.0.0-rc.2.tgz
npm notice package size: 287.0 kB
npm notice unpacked size: 989.5 kB
npm notice shasum: 1d0becd37175ae8ca8004e79a0a6787ebc6aa501
npm notice integrity: sha512-uuKxv7dDVQUWy[...]JWJ/1atNsST1Q==
npm notice total files: 74
npm notice
zodiacs-engine-1.0.0-rc.2.tgz
exit 0
## node scripts/verify-archive-binding.mjs
artifacts/zodiacs-engine-1.0.0-rc.2.tgz is byte-identical to a rebuild of HEAD (e790362bddf2) on Node v22.22.2: sha256 4cd834b2dca085cd5732ecad6edbd82b61d7625d9a0647900c160a0747810002, 287011 bytes.
14 recorded archives (13 carried, 1 superseded) and their receipts hold only their recorded bytes across 176 commits, and each is bound to its source commit.
exit 0

