npm warn Unknown env config "http-proxy". This will stop working in the next major version of npm.

> @zodiacs/engine@0.1.1-rc.12 build
> tsup src/index.ts src/crossings.ts src/deltat.ts src/geo.ts src/receipt.ts src/internal.ts src/internal-math.ts --format esm --dts --clean --splitting --tsconfig tsconfig.build.json

CLI Building entry: src/crossings.ts, src/deltat.ts, src/geo.ts, src/index.ts, src/internal-math.ts, src/internal.ts, src/receipt.ts
CLI Using tsconfig: tsconfig.build.json
CLI tsup v8.5.1
CLI Target: es2022
CLI Cleaning output folder
ESM Build start
ESM dist/crossings.js      173.00 B
ESM dist/index.js          21.86 KB
ESM dist/chunk-PFGUCNOK.js 2.86 KB
ESM dist/internal-math.js  1.29 KB
ESM dist/chunk-IA54QTPL.js 18.01 KB
ESM dist/chunk-AECKV73C.js 9.02 KB
ESM dist/chunk-WVB5S7ZI.js 10.67 KB
ESM dist/receipt.js        31.00 KB
ESM dist/chunk-CPALRSPC.js 1.42 KB
ESM dist/internal.js       305.00 B
ESM dist/chunk-IYNERVXW.js 380.00 B
ESM dist/chunk-ONBZ4HK7.js 4.69 KB
ESM dist/deltat.js         161.00 B
ESM dist/chunk-M52XEBPK.js 5.14 KB
ESM dist/geo.js            11.51 KB
ESM ⚡️ Build success in 134ms
DTS Build start
DTS ⚡️ Build success in 2827ms
DTS dist/crossings.d.ts              4.33 KB
DTS dist/internal.d.ts               450.00 B
DTS dist/receipt.d.ts                10.45 KB
DTS dist/deltat.d.ts                 3.72 KB
DTS dist/geo.d.ts                    2.14 KB
DTS dist/index.d.ts                  20.82 KB
DTS dist/internal-math.d.ts          1.04 KB
DTS dist/types-BAxJaaO5.d.ts         7.37 KB
DTS dist/internal-math-1ntN4Tcl.d.ts 11.24 KB
