
> @zodiacs/engine@0.1.1-rc.14 build
> tsup src/index.ts src/crossings.ts src/deltat.ts src/geo.ts src/receipt.ts src/internal.ts src/internal-math.ts --format esm --dts --clean --splitting --tsconfig tsconfig.build.json

CLI Building entry: src/crossings.ts, src/deltat.ts, src/geo.ts, src/index.ts, src/internal-math.ts, src/internal.ts, src/receipt.ts
CLI Using tsconfig: tsconfig.build.json
CLI tsup v8.5.1
CLI Target: es2022
CLI Cleaning output folder
ESM Build start
ESM dist/crossings.js      173.00 B
ESM dist/deltat.js         161.00 B
ESM dist/geo.js            11.51 KB
ESM dist/index.js          22.59 KB
ESM dist/chunk-AECKV73C.js 9.02 KB
ESM dist/chunk-PFGUCNOK.js 2.86 KB
ESM dist/internal-math.js  1.29 KB
ESM dist/internal.js       305.00 B
ESM dist/chunk-RETEVD4F.js 22.69 KB
ESM dist/chunk-4OSOCZY2.js 10.67 KB
ESM dist/chunk-CPALRSPC.js 1.42 KB
ESM dist/chunk-GFT24GFR.js 723.00 B
ESM dist/receipt.js        31.00 KB
ESM dist/chunk-ONBZ4HK7.js 4.69 KB
ESM dist/chunk-NAJ735VN.js 5.14 KB
ESM ⚡️ Build success in 193ms
DTS Build start
DTS ⚡️ Build success in 15231ms
DTS dist/crossings.d.ts              4.33 KB
DTS dist/internal.d.ts               450.00 B
DTS dist/receipt.d.ts                10.45 KB
DTS dist/deltat.d.ts                 3.72 KB
DTS dist/geo.d.ts                    2.14 KB
DTS dist/index.d.ts                  25.41 KB
DTS dist/internal-math.d.ts          1.04 KB
DTS dist/types-CeafogFp.d.ts         7.37 KB
DTS dist/internal-math-BE2hcSHd.d.ts 11.24 KB
