# v22.22.2, npm 10.9.7; HEAD 5af1929 with the rc.15 changes uncommitted (the source commit's tree)
## npm run typecheck

> @zodiacs/engine@0.1.1-rc.15 typecheck
> tsc -p tsconfig.typecheck.json --pretty false

exit 0
## npm run build

> @zodiacs/engine@0.1.1-rc.15 build
> tsup src/index.ts src/crossings.ts src/deltat.ts src/geo.ts src/receipt.ts src/timing.ts src/vedic.ts src/internal.ts src/internal-math.ts --format esm --dts --clean --splitting --tsconfig tsconfig.build.json

CLI Building entry: src/crossings.ts, src/deltat.ts, src/geo.ts, src/index.ts, src/internal-math.ts, src/internal.ts, src/receipt.ts, src/timing.ts, src/vedic.ts
CLI Using tsconfig: tsconfig.build.json
CLI tsup v8.5.1
CLI Target: es2022
CLI Cleaning output folder
ESM Build start
ESM dist/tzdb-2025c-09-JKR6BAMB.js 10.05 KB
ESM dist/tzdb-2025c-07-XE5T7BRC.js 15.18 KB
ESM dist/tzdb-2025c-08-PCI23LSJ.js 12.15 KB
ESM dist/tzdb-2025c-12-NKCCXJ5G.js 11.95 KB
ESM dist/tzdb-2025c-13-DYTF3UC7.js 9.97 KB
ESM dist/tzdb-2025c-11-UELKMWNR.js 13.91 KB
ESM dist/tzdb-2025c-15-VDTFZJP4.js 11.27 KB
ESM dist/tzdb-2025c-10-GHZ4MVFJ.js 8.99 KB
ESM dist/tzdb-2025c-14-IUVZDKM4.js 10.00 KB
ESM dist/tzdb-2025c-00-6GVG6RYL.js 11.33 KB
ESM dist/tzdb-2025c-01-7IIW6GYA.js 10.63 KB
ESM dist/tzdb-2025c-02-LSZEGVIT.js 16.33 KB
ESM dist/tzdb-2025c-03-PLHP6VH4.js 8.52 KB
ESM dist/tzdb-2025c-05-3K5YKZBL.js 12.36 KB
ESM dist/tzdb-2025c-04-MEKUJA6M.js 11.82 KB
ESM dist/tzdb-2025c-06-L2VV5XJV.js 10.24 KB
ESM dist/deltat.js                 161.00 B
ESM dist/geo.js                    25.73 KB
ESM dist/crossings.js              173.00 B
ESM dist/internal-math.js          1.29 KB
ESM dist/internal.js               305.00 B
ESM dist/vedic.js                  31.74 KB
ESM dist/chunk-KFTJMMG7.js         2.34 KB
ESM dist/timing.js                 29.51 KB
ESM dist/chunk-Z5MBBXLG.js         11.05 KB
ESM dist/chunk-AECKV73C.js         9.02 KB
ESM dist/chunk-PFGUCNOK.js         2.86 KB
ESM dist/chunk-CPALRSPC.js         1.42 KB
ESM dist/chunk-M66QAZSZ.js         10.87 KB
ESM dist/receipt.js                36.93 KB
ESM dist/chunk-ONBZ4HK7.js         4.69 KB
ESM dist/chunk-6DA3Y4TT.js         672.00 B
ESM dist/chunk-MFF3VKO3.js         5.14 KB
ESM dist/chunk-ZHVI3KWJ.js         11.31 KB
ESM dist/index.js                  12.70 KB
ESM dist/chunk-PQ66USYB.js         23.31 KB
ESM ⚡️ Build success in 308ms
DTS Build start
DTS ⚡️ Build success in 12180ms
DTS dist/internal.d.ts               522.00 B
DTS dist/receipt.d.ts                10.92 KB
DTS dist/crossings.d.ts              4.33 KB
DTS dist/deltat.d.ts                 3.81 KB
DTS dist/index.d.ts                  15.99 KB
DTS dist/geo.d.ts                    7.41 KB
DTS dist/timing.d.ts                 19.59 KB
DTS dist/vedic.d.ts                  18.31 KB
DTS dist/internal-math.d.ts          1.04 KB
DTS dist/types-BsWaqwU_.d.ts         8.71 KB
DTS dist/api-CoB_kqE3.d.ts           10.55 KB
DTS dist/internal-math-BbktkHCc.d.ts 12.14 KB
exit 0
## npm run exports:smoke

> @zodiacs/engine@0.1.1-rc.15 exports:smoke
> node scripts/module-resolution-smoke.mjs

@zodiacs/engine export smoke test passed; receipt, crossings and deltat graphs have no external imports, the core graph (21 modules) reaches no timing, Vedic or geo module and no zone history, and the geo entry loads its 16 shards lazily
exit 0
## npm run package:contents

> @zodiacs/engine@0.1.1-rc.15 package:contents
> node scripts/verify-package-contents.mjs

@zodiacs/engine package contents passed (54 files, 634490 bytes unpacked of 700000; import graphs: . 95273 of 100000, ./crossings 9410 of 10000 (173 beyond the core's), ./deltat 4968 of 5500 (161 beyond the core's), ./geo 31672 of 35000 (28743 beyond the core's), ./internal 56961 of 60000 (305 beyond the core's), ./internal/math 18165 of 20000 (1325 beyond the core's), ./receipt 62880 of 70000 (40216 beyond the core's), ./timing 112485 of 120000 (30215 beyond the core's), ./vedic 114106 of 120000 (32508 beyond the core's); zone histories 189144 of 200000 in 16 files; license MIT AND CC-BY-4.0; node ^20.19.0 || >=22.7.0)
exit 0
## npm run pack:dry-run

> @zodiacs/engine@0.1.1-rc.15 pack:dry-run
> npm pack --dry-run


> @zodiacs/engine@0.1.1-rc.15 prepack
> npm run build


> @zodiacs/engine@0.1.1-rc.15 build
> tsup src/index.ts src/crossings.ts src/deltat.ts src/geo.ts src/receipt.ts src/timing.ts src/vedic.ts src/internal.ts src/internal-math.ts --format esm --dts --clean --splitting --tsconfig tsconfig.build.json

CLI Building entry: src/crossings.ts, src/deltat.ts, src/geo.ts, src/index.ts, src/internal-math.ts, src/internal.ts, src/receipt.ts, src/timing.ts, src/vedic.ts
CLI Using tsconfig: tsconfig.build.json
CLI tsup v8.5.1
CLI Target: es2022
CLI Cleaning output folder
ESM Build start
ESM dist/tzdb-2025c-15-VDTFZJP4.js 11.27 KB
ESM dist/tzdb-2025c-07-XE5T7BRC.js 15.18 KB
ESM dist/tzdb-2025c-08-PCI23LSJ.js 12.15 KB
ESM dist/tzdb-2025c-09-JKR6BAMB.js 10.05 KB
ESM dist/tzdb-2025c-10-GHZ4MVFJ.js 8.99 KB
ESM dist/tzdb-2025c-11-UELKMWNR.js 13.91 KB
ESM dist/tzdb-2025c-12-NKCCXJ5G.js 11.95 KB
ESM dist/tzdb-2025c-13-DYTF3UC7.js 9.97 KB
ESM dist/tzdb-2025c-14-IUVZDKM4.js 10.00 KB
ESM dist/vedic.js                  31.74 KB
ESM dist/tzdb-2025c-00-6GVG6RYL.js 11.33 KB
ESM dist/tzdb-2025c-01-7IIW6GYA.js 10.63 KB
ESM dist/tzdb-2025c-02-LSZEGVIT.js 16.33 KB
ESM dist/tzdb-2025c-03-PLHP6VH4.js 8.52 KB
ESM dist/tzdb-2025c-04-MEKUJA6M.js 11.82 KB
ESM dist/tzdb-2025c-05-3K5YKZBL.js 12.36 KB
ESM dist/tzdb-2025c-06-L2VV5XJV.js 10.24 KB
ESM dist/crossings.js              173.00 B
ESM dist/deltat.js                 161.00 B
ESM dist/geo.js                    25.73 KB
ESM dist/index.js                  12.70 KB
ESM dist/internal-math.js          1.29 KB
ESM dist/internal.js               305.00 B
ESM dist/chunk-KFTJMMG7.js         2.34 KB
ESM dist/timing.js                 29.51 KB
ESM dist/chunk-6DA3Y4TT.js         672.00 B
ESM dist/receipt.js                36.93 KB
ESM dist/chunk-Z5MBBXLG.js         11.05 KB
ESM dist/chunk-AECKV73C.js         9.02 KB
ESM dist/chunk-PFGUCNOK.js         2.86 KB
ESM dist/chunk-ZHVI3KWJ.js         11.31 KB
ESM dist/chunk-CPALRSPC.js         1.42 KB
ESM dist/chunk-M66QAZSZ.js         10.87 KB
ESM dist/chunk-ONBZ4HK7.js         4.69 KB
ESM dist/chunk-MFF3VKO3.js         5.14 KB
ESM dist/chunk-PQ66USYB.js         23.31 KB
ESM ⚡️ Build success in 269ms
DTS Build start
DTS ⚡️ Build success in 7867ms
DTS dist/internal.d.ts               522.00 B
DTS dist/receipt.d.ts                10.92 KB
DTS dist/crossings.d.ts              4.33 KB
DTS dist/deltat.d.ts                 3.81 KB
DTS dist/index.d.ts                  15.99 KB
DTS dist/geo.d.ts                    7.41 KB
DTS dist/timing.d.ts                 19.59 KB
DTS dist/vedic.d.ts                  18.31 KB
DTS dist/internal-math.d.ts          1.04 KB
DTS dist/types-BsWaqwU_.d.ts         8.71 KB
DTS dist/api-CoB_kqE3.d.ts           10.55 KB
DTS dist/internal-math-BbktkHCc.d.ts 12.14 KB
npm notice
npm notice package: @zodiacs/engine@0.1.1-rc.15
npm notice Tarball Contents
npm notice 43.0kB CHANGELOG.md
npm notice 1.1kB LICENSE
npm notice 6.2kB LICENSING.md
npm notice 2.9kB NOTICE
npm notice 46.5kB README.md
npm notice 10.8kB dist/api-CoB_kqE3.d.ts
npm notice 672B dist/chunk-6DA3Y4TT.js
npm notice 9.2kB dist/chunk-AECKV73C.js
npm notice 1.5kB dist/chunk-CPALRSPC.js
npm notice 2.4kB dist/chunk-KFTJMMG7.js
npm notice 11.1kB dist/chunk-M66QAZSZ.js
npm notice 5.3kB dist/chunk-MFF3VKO3.js
npm notice 4.8kB dist/chunk-ONBZ4HK7.js
npm notice 2.9kB dist/chunk-PFGUCNOK.js
npm notice 23.9kB dist/chunk-PQ66USYB.js
npm notice 11.3kB dist/chunk-Z5MBBXLG.js
npm notice 11.6kB dist/chunk-ZHVI3KWJ.js
npm notice 4.4kB dist/crossings.d.ts
npm notice 173B dist/crossings.js
npm notice 3.9kB dist/deltat.d.ts
npm notice 161B dist/deltat.js
npm notice 7.6kB dist/geo.d.ts
npm notice 26.3kB dist/geo.js
npm notice 16.4kB dist/index.d.ts
npm notice 13.0kB dist/index.js
npm notice 12.5kB dist/internal-math-BbktkHCc.d.ts
npm notice 1.1kB dist/internal-math.d.ts
npm notice 1.3kB dist/internal-math.js
npm notice 522B dist/internal.d.ts
npm notice 305B dist/internal.js
npm notice 11.2kB dist/receipt.d.ts
npm notice 37.8kB dist/receipt.js
npm notice 20.1kB dist/timing.d.ts
npm notice 30.2kB dist/timing.js
npm notice 8.9kB dist/types-BsWaqwU_.d.ts
npm notice 11.6kB dist/tzdb-2025c-00-6GVG6RYL.js
npm notice 10.9kB dist/tzdb-2025c-01-7IIW6GYA.js
npm notice 16.7kB dist/tzdb-2025c-02-LSZEGVIT.js
npm notice 8.7kB dist/tzdb-2025c-03-PLHP6VH4.js
npm notice 12.1kB dist/tzdb-2025c-04-MEKUJA6M.js
npm notice 12.7kB dist/tzdb-2025c-05-3K5YKZBL.js
npm notice 10.5kB dist/tzdb-2025c-06-L2VV5XJV.js
npm notice 15.5kB dist/tzdb-2025c-07-XE5T7BRC.js
npm notice 12.4kB dist/tzdb-2025c-08-PCI23LSJ.js
npm notice 10.3kB dist/tzdb-2025c-09-JKR6BAMB.js
npm notice 9.2kB dist/tzdb-2025c-10-GHZ4MVFJ.js
npm notice 14.2kB dist/tzdb-2025c-11-UELKMWNR.js
npm notice 12.2kB dist/tzdb-2025c-12-NKCCXJ5G.js
npm notice 10.2kB dist/tzdb-2025c-13-DYTF3UC7.js
npm notice 10.2kB dist/tzdb-2025c-14-IUVZDKM4.js
npm notice 11.5kB dist/tzdb-2025c-15-VDTFZJP4.js
npm notice 18.8kB dist/vedic.d.ts
npm notice 32.5kB dist/vedic.js
npm notice 2.9kB package.json
npm notice Tarball Details
npm notice name: @zodiacs/engine
npm notice version: 0.1.1-rc.15
npm notice filename: zodiacs-engine-0.1.1-rc.15.tgz
npm notice package size: 177.7 kB
npm notice unpacked size: 634.5 kB
npm notice shasum: 0a904ddc8dd2c8f3850b19b21d21bc22c7a1f27c
npm notice integrity: sha512-hvIPTO/OnYNJy[...]XAeVo2D9CgGxg==
npm notice total files: 54
npm notice
zodiacs-engine-0.1.1-rc.15.tgz
exit 0
