# v22.22.2, npm 10.9.7; HEAD 5af1929 with the rc.15 changes uncommitted (the source commit's tree)
## node --test conformance/harness/selftest.mjs
TAP version 13
# Subtest: longitudes compare on the circle, in the rule unit
ok 1 - longitudes compare on the circle, in the rule unit
  ---
  duration_ms: 1.23439
  type: 'test'
  ...
# Subtest: arrays compare element by element and report the worst residual
ok 2 - arrays compare element by element and report the worst residual
  ---
  duration_ms: 0.363959
  type: 'test'
  ...
# Subtest: exact fields, missing fields and non-numbers fail
ok 3 - exact fields, missing fields and non-numbers fail
  ---
  duration_ms: 0.553505
  type: 'test'
  ...
# Subtest: validation accepts a conforming file and names each problem in a bad one
ok 4 - validation accepts a conforming file and names each problem in a bad one
  ---
  duration_ms: 3.755552
  type: 'test'
  ...
# Subtest: the committed vector files conform to SPEC.md
ok 5 - the committed vector files conform to SPEC.md
  ---
  duration_ms: 31.094772
  type: 'test'
  ...
# Subtest: the protocol: a handshake, then one response per request, in order
ok 6 - the protocol: a handshake, then one response per request, in order
  ---
  duration_ms: 73.140059
  type: 'test'
  ...
# Subtest: the protocol: a missing handshake or an answer out of order is refused
ok 7 - the protocol: a missing handshake or an answer out of order is refused
  ---
  duration_ms: 189.735003
  type: 'test'
  ...
1..7
# tests 7
# suites 0
# pass 7
# fail 0
# cancelled 0
# skipped 0
# todo 0
# duration_ms 494.237802
exit 0
## node conformance/harness/validate.mjs --expect-total 500
L1 Positions: 240 vectors, 1 arbiter(s), sha256 853486bd33ddf2c136581803aec7df4b069c00f63678861537b2c0b86127366c
  position.apparent.ecliptic-true-of-date: 240
L2 Houses and angles: 150 vectors, 5 arbiter(s), sha256 5718690f184f8bb9c1f38056c1bd11ec71a4aebf3f945a4dd519501ef33f50d0
  angles.asc-mc: 60
  angles.vertex-east-point: 10
  houses.cusps: 80
L3 Time and calendars: 110 vectors, 5 arbiter(s), sha256 434365354095524646f68423634f0b07a05333c702fc02227fd7fd1bccb0e4c8
  time.zone-offset: 45
  time.local-mean-time: 5
  time.tt-minus-utc: 10
  time.delta-t: 15
  calendar.to-jdn: 25
  calendar.from-jdn: 10
conformance: 500 vectors conform to SPEC.md
exit 0
## node conformance/harness/run.mjs --adapter node conformance/adapters/zodiacs-engine.mjs --check conformance/results/zodiacs-engine.json
zodiacs-engine 0.1.1-rc.15: 266 pass, 193 fail, 41 unsupported, 0 error (of 500)
  L1: 47 pass, 193 fail, 0 unsupported, 0 error (of 240)
  L2: 150 pass, 0 fail, 0 unsupported, 0 error (of 150)
  L3: 69 pass, 0 fail, 41 unsupported, 0 error (of 110)
conformance: every verdict matches conformance/results/zodiacs-engine.json
exit 0
## node conformance/harness/report.mjs --check
conformance: RESULTS.md and results/summary.json are current
exit 0
