# sh analyses.sh conformance, Node v22.22.2, npm 10.9.7, 2026-09-29

## harness self-test
$ node --test conformance/harness/selftest.mjs
TAP version 13
# Subtest: longitudes compare on the circle, in the rule unit
ok 1 - longitudes compare on the circle, in the rule unit
  ---
  duration_ms: 0.953002
  type: 'test'
  ...
# Subtest: arrays compare element by element and report the worst residual
ok 2 - arrays compare element by element and report the worst residual
  ---
  duration_ms: 0.210251
  type: 'test'
  ...
# Subtest: exact fields, missing fields and non-numbers fail
ok 3 - exact fields, missing fields and non-numbers fail
  ---
  duration_ms: 0.284252
  type: 'test'
  ...
# Subtest: validation accepts a conforming file and names each problem in a bad one
ok 4 - validation accepts a conforming file and names each problem in a bad one
  ---
  duration_ms: 2.994963
  type: 'test'
  ...
# Subtest: the committed vector files conform to SPEC.md
ok 5 - the committed vector files conform to SPEC.md
  ---
  duration_ms: 20.873347
  type: 'test'
  ...
# Subtest: the protocol: a handshake, then one response per request, in order
ok 6 - the protocol: a handshake, then one response per request, in order
  ---
  duration_ms: 56.889558
  type: 'test'
  ...
# Subtest: the protocol: a missing handshake or an answer out of order is refused
ok 7 - the protocol: a missing handshake or an answer out of order is refused
  ---
  duration_ms: 168.485632
  type: 'test'
  ...
1..7
# tests 7
# suites 0
# pass 7
# fail 0
# cancelled 0
# skipped 0
# todo 0
# duration_ms 406.186357
exit 0

## vectors
$ node conformance/harness/validate.mjs --expect-total 500
L1 Positions: 240 vectors, 1 arbiter(s), sha256 853486bd33ddf2c136581803aec7df4b069c00f63678861537b2c0b86127366c
  position.apparent.ecliptic-true-of-date: 240
L2 Houses and angles: 150 vectors, 5 arbiter(s), sha256 5718690f184f8bb9c1f38056c1bd11ec71a4aebf3f945a4dd519501ef33f50d0
  angles.asc-mc: 60
  angles.vertex-east-point: 10
  houses.cusps: 80
L3 Time and calendars: 110 vectors, 5 arbiter(s), sha256 434365354095524646f68423634f0b07a05333c702fc02227fd7fd1bccb0e4c8
  time.zone-offset: 45
  time.local-mean-time: 5
  time.tt-minus-utc: 10
  time.delta-t: 15
  calendar.to-jdn: 25
  calendar.from-jdn: 10
conformance: 500 vectors conform to SPEC.md
exit 0

## verdicts against the committed results
$ node conformance/harness/run.mjs --adapter node conformance/adapters/zodiacs-engine.mjs --check conformance/results/zodiacs-engine.json
zodiacs-engine 0.1.1-rc.15: 266 pass, 193 fail, 41 unsupported, 0 error (of 500)
  L1: 47 pass, 193 fail, 0 unsupported, 0 error (of 240)
  L2: 150 pass, 0 fail, 0 unsupported, 0 error (of 150)
  L3: 69 pass, 0 fail, 41 unsupported, 0 error (of 110)
conformance: every verdict matches conformance/results/zodiacs-engine.json
exit 0

## RESULTS.md and summary.json
$ node conformance/harness/report.mjs --check
conformance: RESULTS.md and results/summary.json are current
exit 0

## verdicts and residuals against rc.14's results (main at b0ddb88)
$ node <checkout>/docs/evidence/rc15-20260929/conformance-changes.mjs <scratch>/rc14-results.json conformance/results/zodiacs-engine.json <checkout>/docs/evidence/rc15-20260929/recut/conformance-changes.json
{
 "before": {
  "engine": {
   "name": "zodiacs-engine",
   "version": "0.1.0",
   "engine": "@zodiacs/engine",
   "engineVersion": "0.1.1-rc.14",
   "configuration": {
    "ephemeris": "astronomy-engine 2.1.19",
    "deltaTModel": "zodiacs-deltat/1",
    "timeZones": "the host's Intl time zone data (Node 22.22.2, ICU 78.2, tz 2025c)",
    "positions": "natalChart with ΔT pinned at 0 s, so the requested instant is read as TT",
    "angles": "natalChart at the UT1 instant (the engine reads its instant as UT1)"
   }
  },
  "total": {
   "count": 500,
   "pass": 232,
   "fail": 222,
   "unsupported": 46,
   "error": 0
  }
 },
 "after": {
  "engine": {
   "name": "zodiacs-engine",
   "version": "0.2.0",
   "engine": "@zodiacs/engine",
   "engineVersion": "0.1.1-rc.15",
   "configuration": {
    "ephemeris": "astronomy-engine 2.1.19",
    "deltaTModel": "zodiacs-deltat/1",
    "timeBasis": "from 1972 to 2027-10-02, TT from the leap seconds and UT1 from IERS UT1 − UTC; the ΔT model otherwise",
    "timeZones": "before 1970 the shipped tzdb 2025c history (main+backzone), loaded with prepareLocalTime; from 1970 the host's Intl time zone data (Node 22.22.2, ICU 78.2, tz 2025c)",
    "positions": "natalChart with timeScale \"tt\": the requested instant is read as TT",
    "angles": "natalChart with timeScale \"ut1\": the requested instant is read as UT1"
   }
  },
  "total": {
   "count": 500,
   "pass": 266,
   "fail": 193,
   "unsupported": 41,
   "error": 0
  }
 },
 "changed": 34,
 "groups": {
  "time.zone-offset [backzone-history]: fail -> pass": {
   "count": 20,
   "ids": [
    "L3-TZ-0001",
    "L3-TZ-0002",
    "L3-TZ-0003",
    "L3-TZ-0004",
    "L3-TZ-0005",
    "L3-TZ-0006",
    "L3-TZ-0007",
    "L3-TZ-0008",
    "L3-TZ-0009",
    "L3-TZ-0010",
    "L3-TZ-0011",
    "L3-TZ-0012",
    "L3-TZ-0013",
    "L3-TZ-0014",
    "L3-TZ-0015",
    "L3-TZ-0016",
    "L3-TZ-0017",
    "L3-TZ-0018",
    "L3-TZ-0019",
    "L3-TZ-0020"
   ]
  },
  "time.zone-offset: unsupported -> pass": {
   "count": 5,
   "ids": [
    "L3-TZ-0029",
    "L3-TZ-0030",
    "L3-TZ-0031",
    "L3-TZ-0033",
    "L3-TZ-0036"
   ]
  },
  "time.tt-minus-utc: fail -> pass": {
   "count": 9,
   "ids": [
    "L3-TTU-0001",
    "L3-TTU-0002",
    "L3-TTU-0003",
    "L3-TTU-0004",
    "L3-TTU-0005",
    "L3-TTU-0006",
    "L3-TTU-0007",
    "L3-TTU-0009",
    "L3-TTU-0010"
   ]
  }
 },
 "residualsByKind": {
  "position.apparent.ecliptic-true-of-date": {
   "before": {
    "lon": {
     "unit": "arcsec",
     "n": 240,
     "median": 2.06665513,
     "p95": 12.0708824,
     "max": 18.8455862
    },
    "lat": {
     "unit": "arcsec",
     "n": 240,
     "median": 1.1869337,
     "p95": 10.6010939,
     "max": 19.0281186
    }
   },
   "after": {
    "lon": {
     "unit": "arcsec",
     "n": 240,
     "median": 2.06665513,
     "p95": 12.0708824,
     "max": 18.8455862
    },
    "lat": {
     "unit": "arcsec",
     "n": 240,
     "median": 1.1869337,
     "p95": 10.6010939,
     "max": 19.0281186
    }
   }
  },
  "angles.asc-mc": {
   "before": {
    "asc": {
     "unit": "arcsec",
     "n": 60,
     "median": 0.0372903239,
     "p95": 0.112065798,
     "max": 0.181607968
    },
    "mc": {
     "unit": "arcsec",
     "n": 60,
     "median": 0.0425231826,
     "p95": 0.131140526,
     "max": 0.178394066
    }
   },
   "after": {
    "asc": {
     "unit": "arcsec",
     "n": 60,
     "median": 0.0372903239,
     "p95": 0.112065798,
     "max": 0.181607968
    },
    "mc": {
     "unit": "arcsec",
     "n": 60,
     "median": 0.0425231826,
     "p95": 0.131140526,
     "max": 0.178394066
    }
   }
  },
  "angles.vertex-east-point": {
   "before": {
    "vertex": {
     "unit": "arcsec",
     "n": 10,
     "median": 0.083046658,
     "p95": 0.285075699,
     "max": 0.285075699
    },
    "east_point": {
     "unit": "arcsec",
     "n": 10,
     "median": 0.0830836175,
     "p95": 0.102691353,
     "max": 0.102691353
    }
   },
   "after": {
    "vertex": {
     "unit": "arcsec",
     "n": 10,
     "median": 0.0830466234,
     "p95": 0.285075699,
     "max": 0.285075699
    },
    "east_point": {
     "unit": "arcsec",
     "n": 10,
     "median": 0.0830836175,
     "p95": 0.102691353,
     "max": 0.102691353
    }
   }
  },
  "houses.cusps": {
   "before": {
    "cusps": {
     "unit": "arcsec",
     "n": 70,
     "median": 0.0508377514,
     "p95": 0.166538852,
     "max": 0.488720961
    }
   },
   "after": {
    "cusps": {
     "unit": "arcsec",
     "n": 70,
     "median": 0.0508377514,
     "p95": 0.166538852,
     "max": 0.488720961
    }
   }
  },
  "time.zone-offset": {
   "before": null,
   "after": null
  },
  "time.local-mean-time": {
   "before": null,
   "after": null
  },
  "time.tt-minus-utc": {
   "before": {
    "tt_minus_utc_s": {
     "unit": "s",
     "n": 9,
     "median": 0.387511294,
     "p95": 0.633650924,
     "max": 0.633650924
    }
   },
   "after": {
    "tt_minus_utc_s": {
     "unit": "s",
     "n": 9,
     "median": 0,
     "p95": 2.03450554e-8,
     "max": 2.03450554e-8
    }
   }
  },
  "time.delta-t": {
   "before": {
    "delta_t_s": {
     "unit": "s",
     "n": 15,
     "median": 0.00409739545,
     "p95": 0.0688908866,
     "max": 0.0688908866
    }
   },
   "after": {
    "delta_t_s": {
     "unit": "s",
     "n": 15,
     "median": 0.0001318,
     "p95": 0.000505451953,
     "max": 0.000505451953
    }
   }
  },
  "calendar.to-jdn": {
   "before": null,
   "after": null
  },
  "calendar.from-jdn": {
   "before": null,
   "after": null
  }
 },
 "largestResidualChange": {
  "L1-POS:lon": 3e-7,
  "L1-POS:lat": 3.2e-8,
  "L2-ASC:asc": 5.24e-8,
  "L2-ASC:mc": 8.39e-8,
  "L2-VTX:vertex": 6.92e-8,
  "L2-VTX:east_point": 6.51e-8,
  "L2-CSP:cusps": 1.3e-7,
  "L3-TTU:tt_minus_utc_s": 0.634,
  "L3-DT:delta_t_s": 0.0684
 }
}
exit 0

