# sh analyses.sh tz, Node v22.22.2, npm 10.9.7, 2026-09-29

## wall-clock zone-line ends against zic 2025c
$ env TZDATA_TARBALL=<tzdata2025c.tar.gz> ZIC=<zic 2025c> node <checkout>/docs/evidence/rc15-20260929/tz-line-ends.mjs <checkout>/docs/evidence/rc15-20260929/recut/tz-line-ends.json
{
 "tzdata": "2025c",
 "zic": "zic (tzcode) 2025c",
 "builds": [
  {
   "form": "main+backzone",
   "zones": 470,
   "transitions": 20192,
   "wallLineEndsChangingStandardOffset": {
    "checked": 1125,
    "onZicTransition": 1125,
    "before": {
     "onZicTransition": 1095,
     "off": [
      "America/Argentina/Catamarca, line 5 (UNTIL 1991 Mar 3): 1991-03-03T04:00:00Z, zic 1991-03-03T02:00:00Z",
      "America/Argentina/ComodRivadavia, line 5 (UNTIL 1991 Mar 3): 1991-03-03T04:00:00Z, zic 1991-03-03T02:00:00Z",
      "America/Argentina/Cordoba, line 5 (UNTIL 1991 Mar 3): 1991-03-03T04:00:00Z, zic 1991-03-03T02:00:00Z",
      "America/Argentina/Jujuy, line 5 (UNTIL 1990 Mar 4): 1990-03-04T04:00:00Z, zic 1990-03-04T02:00:00Z",
      "America/Argentina/La_Rioja, line 5 (UNTIL 1991 Mar 1): 1991-03-01T04:00:00Z, zic 1991-03-01T02:00:00Z",
      "America/Argentina/Mendoza, line 5 (UNTIL 1990 Mar 4): 1990-03-04T04:00:00Z, zic 1990-03-04T02:00:00Z",
      "America/Argentina/Salta, line 5 (UNTIL 1991 Mar 3): 1991-03-03T04:00:00Z, zic 1991-03-03T02:00:00Z",
      "America/Argentina/San_Juan, line 5 (UNTIL 1991 Mar 1): 1991-03-01T04:00:00Z, zic 1991-03-01T02:00:00Z",
      "America/Argentina/San_Luis, line 6 (UNTIL 1990 Mar 14): 1990-03-14T04:00:00Z, zic 1990-03-14T02:00:00Z",
      "America/Argentina/San_Luis, line 14 (UNTIL 2008 Jan 21): 2008-01-21T03:00:00Z, zic 2008-01-21T02:00:00Z",
      "America/Argentina/Tucuman, line 5 (UNTIL 1991 Mar 3): 1991-03-03T04:00:00Z, zic 1991-03-03T02:00:00Z",
      "America/Cancun, line 5 (UNTIL 1998 Aug 2 2:00): 1998-08-02T07:00:00Z, zic 1998-08-02T06:00:00Z",
      "America/Iqaluit, line 2 (UNTIL 1999 Oct 31 2:00): 1999-10-31T08:00:00Z, zic 1999-10-31T06:00:00Z",
      "America/Juneau, line 8 (UNTIL 1983 Oct 30 2:00): 1983-10-30T11:00:00Z, zic 1983-10-30T09:00:00Z",
      "America/La_Paz, line 3 (UNTIL 1932 Mar 21): 1932-03-21T04:00:00Z, zic 1932-03-21T03:32:36Z",
      "America/Pangnirtung, line 2 (UNTIL 1999 Oct 31 2:00): 1999-10-31T08:00:00Z, zic 1999-10-31T06:00:00Z",
      "America/Santiago, line 11 (UNTIL 1946 Aug 28 24:00): 1946-08-29T04:00:00Z, zic 1946-08-29T03:00:00Z",
      "America/Sitka, line 6 (UNTIL 1983 Oct 30 2:00): 1983-10-30T11:00:00Z, zic 1983-10-30T09:00:00Z",
      "Asia/Barnaul, line 5 (UNTIL 1995 May 28): 1995-05-27T17:00:00Z, zic 1995-05-27T16:00:00Z",
      "Asia/Novosibirsk, line 5 (UNTIL 1993 May 23): 1993-05-22T17:00:00Z, zic 1993-05-22T16:00:00Z",
      "Asia/Tbilisi, line 9 (UNTIL 2004 Jun 27): 2004-06-26T20:00:00Z, zic 2004-06-26T19:00:00Z",
      "Asia/Tehran, line 3 (UNTIL 1977 Oct 20 24:00): 1977-10-20T20:00:00Z, zic 1977-10-20T19:30:00Z",
      "Asia/Tomsk, line 5 (UNTIL 2002 May 1 3:00): 2002-04-30T20:00:00Z, zic 2002-04-30T19:00:00Z",
      "Europe/Athens, line 3 (UNTIL 1941 Apr 30): 1941-04-29T22:00:00Z, zic 1941-04-29T21:00:00Z",
      "Europe/Chisinau, line 5 (UNTIL 1941 Jul 17): 1941-07-16T22:00:00Z, zic 1941-07-16T21:00:00Z",
      "Europe/Chisinau, line 7 (UNTIL 1990 May 6 2:00): 1990-05-05T23:00:00Z, zic 1990-05-05T22:00:00Z",
      "Europe/Kyiv, line 6 (UNTIL 1990 Jul 1 2:00): 1990-06-30T23:00:00Z, zic 1990-06-30T22:00:00Z",
      "Europe/Monaco, line 3 (UNTIL 1945 Sep 16 3:00): 1945-09-16T02:00:00Z, zic 1945-09-16T01:00:00Z",
      "Europe/Paris, line 5 (UNTIL 1945 Sep 16 3:00): 1945-09-16T02:00:00Z, zic 1945-09-16T01:00:00Z",
      "Europe/Tiraspol, line 5 (UNTIL 1941 Jul 17): 1941-07-16T22:00:00Z, zic 1941-07-16T21:00:00Z"
     ]
    },
    "off": []
   },
   "causesChanged": 30,
   "changed": [
    {
     "zone": "America/Argentina/Catamarca",
     "at": "1991-03-03T02:00:00Z",
     "offsetMinutes": [
      -120,
      -240
     ],
     "abbreviations": [
      "-02",
      "-04"
     ],
     "before": "d",
     "after": "l"
    },
    {
     "zone": "America/Argentina/ComodRivadavia",
     "at": "1991-03-03T02:00:00Z",
     "offsetMinutes": [
      -120,
      -240
     ],
     "abbreviations": [
      "-02",
      "-04"
     ],
     "before": "d",
     "after": "l"
    },
    {
     "zone": "America/Argentina/Cordoba",
     "at": "1991-03-03T02:00:00Z",
     "offsetMinutes": [
      -120,
      -240
     ],
     "abbreviations": [
      "-02",
      "-04"
     ],
     "before": "d",
     "after": "l"
    },
    {
     "zone": "America/Argentina/Jujuy",
     "at": "1990-03-04T02:00:00Z",
     "offsetMinutes": [
      -120,
      -240
     ],
     "abbreviations": [
      "-02",
      "-04"
     ],
     "before": "d",
     "after": "l"
    },
    {
     "zone": "America/Argentina/La_Rioja",
     "at": "1991-03-01T02:00:00Z",
     "offsetMinutes": [
      -120,
      -240
     ],
     "abbreviations": [
      "-02",
      "-04"
     ],
     "before": "d",
     "after": "l"
    },
    {
     "zone": "America/Argentina/Mendoza",
     "at": "1990-03-04T02:00:00Z",
     "offsetMinutes": [
      -120,
      -240
     ],
     "abbreviations": [
      "-02",
      "-04"
     ],
     "before": "d",
     "after": "l"
    },
    {
     "zone": "America/Argentina/Salta",
     "at": "1991-03-03T02:00:00Z",
     "offsetMinutes": [
      -120,
      -240
     ],
     "abbreviations": [
      "-02",
      "-04"
     ],
     "before": "d",
     "after": "l"
    },
    {
     "zone": "America/Argentina/San_Juan",
     "at": "1991-03-01T02:00:00Z",
     "offsetMinutes": [
      -120,
      -240
     ],
     "abbreviations": [
      "-02",
      "-04"
     ],
     "before": "d",
     "after": "l"
    },
    {
     "zone": "America/Argentina/San_Luis",
     "at": "1990-03-14T02:00:00Z",
     "offsetMinutes": [
      -120,
      -240
     ],
     "abbreviations": [
      "-02",
      "-04"
     ],
     "before": "d",
     "after": "l"
    },
    {
     "zone": "America/Argentina/San_Luis",
     "at": "2008-01-21T02:00:00Z",
     "offsetMinutes": [
      -120,
      -180
     ],
     "abbreviations": [
      "-02",
      "-03"
     ],
     "before": "d",
     "after": "l"
    },
    {
     "zone": "America/Argentina/Tucuman",
     "at": "1991-03-03T02:00:00Z",
     "offsetMinutes": [
      -120,
      -240
     ],
     "abbreviations": [
      "-02",
      "-04"
     ],
     "before": "d",
     "after": "l"
    },
    {
     "zone": "America/Cancun",
     "at": "1998-08-02T06:00:00Z",
     "offsetMinutes": [
      -240,
      -300
     ],
     "abbreviations": [
      "EDT",
      "CDT"
     ],
     "before": "d",
     "after": "l"
    },
    {
     "zone": "America/Iqaluit",
     "at": "1999-10-31T06:00:00Z",
     "offsetMinutes": [
      -240,
      -360
     ],
     "abbreviations": [
      "EDT",
      "CST"
     ],
     "before": "d",
     "after": "l"
    },
    {
     "zone": "America/Juneau",
     "at": "1983-10-30T09:00:00Z",
     "offsetMinutes": [
      -420,
      -540
     ],
     "abbreviations": [
      "PDT",
      "YST"
     ],
     "before": "d",
     "after": "l"
    },
    {
     "zone": "America/La_Paz",
     "at": "1932-03-21T03:32:36Z",
     "offsetMinutes": [
      -212.6,
      -240
     ],
     "abbreviations": [
      "BST",
      "-04"
     ],
     "before": "d",
     "after": "l"
    },
    {
     "zone": "America/Pangnirtung",
     "at": "1999-10-31T06:00:00Z",
     "offsetMinutes": [
      -240,
      -360
     ],
     "abbreviations": [
      "EDT",
      "CST"
     ],
     "before": "d",
     "after": "l"
    },
    {
     "zone": "America/Santiago",
     "at": "1946-08-29T03:00:00Z",
     "offsetMinutes": [
      -180,
      -240
     ],
     "abbreviations": [
      "-03",
      "-04"
     ],
     "before": "d",
     "after": "l"
    },
    {
     "zone": "America/Sitka",
     "at": "1983-10-30T09:00:00Z",
     "offsetMinutes": [
      -420,
      -540
     ],
     "abbreviations": [
      "PDT",
      "YST"
     ],
     "before": "d",
     "after": "l"
    },
    {
     "zone": "Asia/Barnaul",
     "at": "1995-05-27T16:00:00Z",
     "offsetMinutes": [
      480,
      420
     ],
     "abbreviations": [
      "+08",
      "+07"
     ],
     "before": "d",
     "after": "l"
    },
    {
     "zone": "Asia/Novosibirsk",
     "at": "1993-05-22T16:00:00Z",
     "offsetMinutes": [
      480,
      420
     ],
     "abbreviations": [
      "+08",
      "+07"
     ],
     "before": "d",
     "after": "l"
    },
    {
     "zone": "Asia/Tbilisi",
     "at": "2004-06-26T19:00:00Z",
     "offsetMinutes": [
      300,
      240
     ],
     "abbreviations": [
      "+05",
      "+04"
     ],
     "before": "d",
     "after": "l"
    },
    {
     "zone": "Asia/Tehran",
     "at": "1977-10-20T19:30:00Z",
     "offsetMinutes": [
      270,
      240
     ],
     "abbreviations": [
      "+0430",
      "+04"
     ],
     "before": "d",
     "after": "l"
    },
    {
     "zone": "Asia/Tomsk",
     "at": "2002-04-30T19:00:00Z",
     "offsetMinutes": [
      480,
      420
     ],
     "abbreviations": [
      "+08",
      "+07"
     ],
     "before": "d",
     "after": "l"
    },
    {
     "zone": "Europe/Athens",
     "at": "1941-04-29T21:00:00Z",
     "offsetMinutes": [
      180,
      120
     ],
     "abbreviations": [
      "EEST",
      "CEST"
     ],
     "before": "d",
     "after": "l"
    },
    {
     "zone": "Europe/Chisinau",
     "at": "1941-07-16T21:00:00Z",
     "offsetMinutes": [
      180,
      120
     ],
     "abbreviations": [
      "EEST",
      "CEST"
     ],
     "before": "d",
     "after": "l"
    },
    {
     "zone": "Europe/Chisinau",
     "at": "1990-05-05T22:00:00Z",
     "offsetMinutes": [
      240,
      180
     ],
     "abbreviations": [
      "MSD",
      "EEST"
     ],
     "before": "d",
     "after": "l"
    },
    {
     "zone": "Europe/Kyiv",
     "at": "1990-06-30T22:00:00Z",
     "offsetMinutes": [
      240,
      180
     ],
     "abbreviations": [
      "MSD",
      "EEST"
     ],
     "before": "d",
     "after": "l"
    },
    {
     "zone": "Europe/Monaco",
     "at": "1945-09-16T01:00:00Z",
     "offsetMinutes": [
      120,
      60
     ],
     "abbreviations": [
      "WEMT",
      "CET"
     ],
     "before": "d",
     "after": "l"
    },
    {
     "zone": "Europe/Paris",
     "at": "1945-09-16T01:00:00Z",
     "offsetMinutes": [
      120,
      60
     ],
     "abbreviations": [
      "WEMT",
      "CET"
     ],
     "before": "d",
     "after": "l"
    },
    {
     "zone": "Europe/Tiraspol",
     "at": "1941-07-16T21:00:00Z",
     "offsetMinutes": [
      180,
      120
     ],
     "abbreviations": [
      "EEST",
      "CEST"
     ],
     "before": "d",
     "after": "l"
    }
   ]
  },
  {
   "form": "main (default build)",
   "zones": 340,
   "transitions": 16754,
   "wallLineEndsChangingStandardOffset": {
    "checked": 872,
    "onZicTransition": 872,
    "before": {
     "onZicTransition": 846,
     "off": [
      "America/Argentina/Catamarca, line 5 (UNTIL 1991 Mar 3): 1991-03-03T04:00:00Z, zic 1991-03-03T02:00:00Z",
      "America/Argentina/Cordoba, line 5 (UNTIL 1991 Mar 3): 1991-03-03T04:00:00Z, zic 1991-03-03T02:00:00Z",
      "America/Argentina/Jujuy, line 5 (UNTIL 1990 Mar 4): 1990-03-04T04:00:00Z, zic 1990-03-04T02:00:00Z",
      "America/Argentina/La_Rioja, line 5 (UNTIL 1991 Mar 1): 1991-03-01T04:00:00Z, zic 1991-03-01T02:00:00Z",
      "America/Argentina/Mendoza, line 5 (UNTIL 1990 Mar 4): 1990-03-04T04:00:00Z, zic 1990-03-04T02:00:00Z",
      "America/Argentina/Salta, line 5 (UNTIL 1991 Mar 3): 1991-03-03T04:00:00Z, zic 1991-03-03T02:00:00Z",
      "America/Argentina/San_Juan, line 5 (UNTIL 1991 Mar 1): 1991-03-01T04:00:00Z, zic 1991-03-01T02:00:00Z",
      "America/Argentina/San_Luis, line 6 (UNTIL 1990 Mar 14): 1990-03-14T04:00:00Z, zic 1990-03-14T02:00:00Z",
      "America/Argentina/San_Luis, line 14 (UNTIL 2008 Jan 21): 2008-01-21T03:00:00Z, zic 2008-01-21T02:00:00Z",
      "America/Argentina/Tucuman, line 5 (UNTIL 1991 Mar 3): 1991-03-03T04:00:00Z, zic 1991-03-03T02:00:00Z",
      "America/Cancun, line 5 (UNTIL 1998 Aug 2 2:00): 1998-08-02T07:00:00Z, zic 1998-08-02T06:00:00Z",
      "America/Iqaluit, line 2 (UNTIL 1999 Oct 31 2:00): 1999-10-31T08:00:00Z, zic 1999-10-31T06:00:00Z",
      "America/Juneau, line 8 (UNTIL 1983 Oct 30 2:00): 1983-10-30T11:00:00Z, zic 1983-10-30T09:00:00Z",
      "America/La_Paz, line 3 (UNTIL 1932 Mar 21): 1932-03-21T04:00:00Z, zic 1932-03-21T03:32:36Z",
      "America/Santiago, line 11 (UNTIL 1946 Aug 28 24:00): 1946-08-29T04:00:00Z, zic 1946-08-29T03:00:00Z",
      "America/Sitka, line 6 (UNTIL 1983 Oct 30 2:00): 1983-10-30T11:00:00Z, zic 1983-10-30T09:00:00Z",
      "Asia/Barnaul, line 5 (UNTIL 1995 May 28): 1995-05-27T17:00:00Z, zic 1995-05-27T16:00:00Z",
      "Asia/Novosibirsk, line 5 (UNTIL 1993 May 23): 1993-05-22T17:00:00Z, zic 1993-05-22T16:00:00Z",
      "Asia/Tbilisi, line 9 (UNTIL 2004 Jun 27): 2004-06-26T20:00:00Z, zic 2004-06-26T19:00:00Z",
      "Asia/Tehran, line 3 (UNTIL 1977 Oct 20 24:00): 1977-10-20T20:00:00Z, zic 1977-10-20T19:30:00Z",
      "Asia/Tomsk, line 5 (UNTIL 2002 May 1 3:00): 2002-04-30T20:00:00Z, zic 2002-04-30T19:00:00Z",
      "Europe/Athens, line 3 (UNTIL 1941 Apr 30): 1941-04-29T22:00:00Z, zic 1941-04-29T21:00:00Z",
      "Europe/Chisinau, line 5 (UNTIL 1941 Jul 17): 1941-07-16T22:00:00Z, zic 1941-07-16T21:00:00Z",
      "Europe/Chisinau, line 7 (UNTIL 1990 May 6 2:00): 1990-05-05T23:00:00Z, zic 1990-05-05T22:00:00Z",
      "Europe/Kyiv, line 6 (UNTIL 1990 Jul 1 2:00): 1990-06-30T23:00:00Z, zic 1990-06-30T22:00:00Z",
      "Europe/Paris, line 5 (UNTIL 1945 Sep 16 3:00): 1945-09-16T02:00:00Z, zic 1945-09-16T01:00:00Z"
     ]
    },
    "off": []
   },
   "causesChanged": 26,
   "changed": [
    {
     "zone": "America/Argentina/Catamarca",
     "at": "1991-03-03T02:00:00Z",
     "offsetMinutes": [
      -120,
      -240
     ],
     "abbreviations": [
      "-02",
      "-04"
     ],
     "before": "d",
     "after": "l"
    },
    {
     "zone": "America/Argentina/Cordoba",
     "at": "1991-03-03T02:00:00Z",
     "offsetMinutes": [
      -120,
      -240
     ],
     "abbreviations": [
      "-02",
      "-04"
     ],
     "before": "d",
     "after": "l"
    },
    {
     "zone": "America/Argentina/Jujuy",
     "at": "1990-03-04T02:00:00Z",
     "offsetMinutes": [
      -120,
      -240
     ],
     "abbreviations": [
      "-02",
      "-04"
     ],
     "before": "d",
     "after": "l"
    },
    {
     "zone": "America/Argentina/La_Rioja",
     "at": "1991-03-01T02:00:00Z",
     "offsetMinutes": [
      -120,
      -240
     ],
     "abbreviations": [
      "-02",
      "-04"
     ],
     "before": "d",
     "after": "l"
    },
    {
     "zone": "America/Argentina/Mendoza",
     "at": "1990-03-04T02:00:00Z",
     "offsetMinutes": [
      -120,
      -240
     ],
     "abbreviations": [
      "-02",
      "-04"
     ],
     "before": "d",
     "after": "l"
    },
    {
     "zone": "America/Argentina/Salta",
     "at": "1991-03-03T02:00:00Z",
     "offsetMinutes": [
      -120,
      -240
     ],
     "abbreviations": [
      "-02",
      "-04"
     ],
     "before": "d",
     "after": "l"
    },
    {
     "zone": "America/Argentina/San_Juan",
     "at": "1991-03-01T02:00:00Z",
     "offsetMinutes": [
      -120,
      -240
     ],
     "abbreviations": [
      "-02",
      "-04"
     ],
     "before": "d",
     "after": "l"
    },
    {
     "zone": "America/Argentina/San_Luis",
     "at": "1990-03-14T02:00:00Z",
     "offsetMinutes": [
      -120,
      -240
     ],
     "abbreviations": [
      "-02",
      "-04"
     ],
     "before": "d",
     "after": "l"
    },
    {
     "zone": "America/Argentina/San_Luis",
     "at": "2008-01-21T02:00:00Z",
     "offsetMinutes": [
      -120,
      -180
     ],
     "abbreviations": [
      "-02",
      "-03"
     ],
     "before": "d",
     "after": "l"
    },
    {
     "zone": "America/Argentina/Tucuman",
     "at": "1991-03-03T02:00:00Z",
     "offsetMinutes": [
      -120,
      -240
     ],
     "abbreviations": [
      "-02",
      "-04"
     ],
     "before": "d",
     "after": "l"
    },
    {
     "zone": "America/Cancun",
     "at": "1998-08-02T06:00:00Z",
     "offsetMinutes": [
      -240,
      -300
     ],
     "abbreviations": [
      "EDT",
      "CDT"
     ],
     "before": "d",
     "after": "l"
    },
    {
     "zone": "America/Iqaluit",
     "at": "1999-10-31T06:00:00Z",
     "offsetMinutes": [
      -240,
      -360
     ],
     "abbreviations": [
      "EDT",
      "CST"
     ],
     "before": "d",
     "after": "l"
    },
    {
     "zone": "America/Juneau",
     "at": "1983-10-30T09:00:00Z",
     "offsetMinutes": [
      -420,
      -540
     ],
     "abbreviations": [
      "PDT",
      "YST"
     ],
     "before": "d",
     "after": "l"
    },
    {
     "zone": "America/La_Paz",
     "at": "1932-03-21T03:32:36Z",
     "offsetMinutes": [
      -212.6,
      -240
     ],
     "abbreviations": [
      "BST",
      "-04"
     ],
     "before": "d",
     "after": "l"
    },
    {
     "zone": "America/Santiago",
     "at": "1946-08-29T03:00:00Z",
     "offsetMinutes": [
      -180,
      -240
     ],
     "abbreviations": [
      "-03",
      "-04"
     ],
     "before": "d",
     "after": "l"
    },
    {
     "zone": "America/Sitka",
     "at": "1983-10-30T09:00:00Z",
     "offsetMinutes": [
      -420,
      -540
     ],
     "abbreviations": [
      "PDT",
      "YST"
     ],
     "before": "d",
     "after": "l"
    },
    {
     "zone": "Asia/Barnaul",
     "at": "1995-05-27T16:00:00Z",
     "offsetMinutes": [
      480,
      420
     ],
     "abbreviations": [
      "+08",
      "+07"
     ],
     "before": "d",
     "after": "l"
    },
    {
     "zone": "Asia/Novosibirsk",
     "at": "1993-05-22T16:00:00Z",
     "offsetMinutes": [
      480,
      420
     ],
     "abbreviations": [
      "+08",
      "+07"
     ],
     "before": "d",
     "after": "l"
    },
    {
     "zone": "Asia/Tbilisi",
     "at": "2004-06-26T19:00:00Z",
     "offsetMinutes": [
      300,
      240
     ],
     "abbreviations": [
      "+05",
      "+04"
     ],
     "before": "d",
     "after": "l"
    },
    {
     "zone": "Asia/Tehran",
     "at": "1977-10-20T19:30:00Z",
     "offsetMinutes": [
      270,
      240
     ],
     "abbreviations": [
      "+0430",
      "+04"
     ],
     "before": "d",
     "after": "l"
    },
    {
     "zone": "Asia/Tomsk",
     "at": "2002-04-30T19:00:00Z",
     "offsetMinutes": [
      480,
      420
     ],
     "abbreviations": [
      "+08",
      "+07"
     ],
     "before": "d",
     "after": "l"
    },
    {
     "zone": "Europe/Athens",
     "at": "1941-04-29T21:00:00Z",
     "offsetMinutes": [
      180,
      120
     ],
     "abbreviations": [
      "EEST",
      "CEST"
     ],
     "before": "d",
     "after": "l"
    },
    {
     "zone": "Europe/Chisinau",
     "at": "1941-07-16T21:00:00Z",
     "offsetMinutes": [
      180,
      120
     ],
     "abbreviations": [
      "EEST",
      "CEST"
     ],
     "before": "d",
     "after": "l"
    },
    {
     "zone": "Europe/Chisinau",
     "at": "1990-05-05T22:00:00Z",
     "offsetMinutes": [
      240,
      180
     ],
     "abbreviations": [
      "MSD",
      "EEST"
     ],
     "before": "d",
     "after": "l"
    },
    {
     "zone": "Europe/Kyiv",
     "at": "1990-06-30T22:00:00Z",
     "offsetMinutes": [
      240,
      180
     ],
     "abbreviations": [
      "MSD",
      "EEST"
     ],
     "before": "d",
     "after": "l"
    },
    {
     "zone": "Europe/Paris",
     "at": "1945-09-16T01:00:00Z",
     "offsetMinutes": [
      120,
      60
     ],
     "abbreviations": [
      "WEMT",
      "CET"
     ],
     "before": "d",
     "after": "l"
    }
   ]
  }
 ]
}
exit 0

## backzone against the default build
$ env TZDATA_TARBALL=<tzdata2025c.tar.gz> ZIC=<zic 2025c> node <checkout>/docs/evidence/rc15-20260929/backzone-divergence.mjs <checkout>/docs/evidence/rc15-20260929/recut/backzone-divergence.json
{
 "tzdata": {
  "version": "2025c",
  "sha256": "4aa79e4effee53fc4029ffe5f6ebe97937282ebcdf386d5d2da91ce84142f957"
 },
 "zic": "zic (tzcode) 2025c",
 "names": 597,
 "compared": "UTC offsets at every instant before 1970-01-01T00:00Z (each transition of either clock before 1970, the second before it, and a date before all of them)",
 "shippedVersusDefault": {
  "meaning": "names whose answer before 1970 differs from rc.14's on a host with tzdb 2025c: the package's shards, with -00 spans read from the default build, against the default build",
  "count": 122,
  "from1850": 122,
  "names": [
   "Africa/Accra",
   "Africa/Addis_Ababa",
   "Africa/Asmara",
   "Africa/Asmera",
   "Africa/Bamako",
   "Africa/Bangui",
   "Africa/Banjul",
   "Africa/Blantyre",
   "Africa/Brazzaville",
   "Africa/Bujumbura",
   "Africa/Conakry",
   "Africa/Dakar",
   "Africa/Dar_es_Salaam",
   "Africa/Djibouti",
   "Africa/Douala",
   "Africa/Freetown",
   "Africa/Gaborone",
   "Africa/Harare",
   "Africa/Kampala",
   "Africa/Kigali",
   "Africa/Kinshasa",
   "Africa/Libreville",
   "Africa/Lome",
   "Africa/Luanda",
   "Africa/Lubumbashi",
   "Africa/Lusaka",
   "Africa/Malabo",
   "Africa/Maseru",
   "Africa/Mbabane",
   "Africa/Mogadishu",
   "Africa/Niamey",
   "Africa/Nouakchott",
   "Africa/Ouagadougou",
   "Africa/Porto-Novo",
   "Africa/Timbuktu",
   "America/Anguilla",
   "America/Antigua",
   "America/Aruba",
   "America/Atikokan",
   "America/Blanc-Sablon",
   "America/Cayman",
   "America/Coral_Harbour",
   "America/Creston",
   "America/Curacao",
   "America/Dominica",
   "America/Grenada",
   "America/Guadeloupe",
   "America/Kralendijk",
   "America/Lower_Princes",
   "America/Marigot",
   "America/Montreal",
   "America/Montserrat",
   "America/Nassau",
   "America/Pangnirtung",
   "America/Port_of_Spain",
   "America/St_Barthelemy",
   "America/St_Kitts",
   "America/St_Lucia",
   "America/St_Thomas",
   "America/St_Vincent",
   "America/Thunder_Bay",
   "America/Tortola",
   "America/Virgin",
   "America/Yellowknife",
   "Arctic/Longyearbyen",
   "Asia/Aden",
   "Asia/Bahrain",
   "Asia/Brunei",
   "Asia/Kuala_Lumpur",
   "Asia/Kuwait",
   "Asia/Muscat",
   "Asia/Phnom_Penh",
   "Asia/Tel_Aviv",
   "Asia/Vientiane",
   "Atlantic/Reykjavik",
   "Atlantic/St_Helena",
   "Australia/Currie",
   "CET",
   "CST6CDT",
   "EST",
   "EST5EDT",
   "Europe/Amsterdam",
   "Europe/Belfast",
   "Europe/Copenhagen",
   "Europe/Guernsey",
   "Europe/Isle_of_Man",
   "Europe/Jersey",
   "Europe/Ljubljana",
   "Europe/Luxembourg",
   "Europe/Monaco",
   "Europe/Oslo",
   "Europe/Sarajevo",
   "Europe/Skopje",
   "Europe/Stockholm",
   "Europe/Vaduz",
   "Europe/Zagreb",
   "HST",
   "Iceland",
   "Indian/Antananarivo",
   "Indian/Christmas",
   "Indian/Cocos",
   "Indian/Comoro",
   "Indian/Kerguelen",
   "Indian/Mahe",
   "Indian/Mayotte",
   "Indian/Reunion",
   "MET",
   "MST",
   "MST7MDT",
   "PST8PDT",
   "Pacific/Chuuk",
   "Pacific/Funafuti",
   "Pacific/Johnston",
   "Pacific/Majuro",
   "Pacific/Midway",
   "Pacific/Pohnpei",
   "Pacific/Ponape",
   "Pacific/Saipan",
   "Pacific/Truk",
   "Pacific/Wake",
   "Pacific/Wallis",
   "Pacific/Yap"
  ]
 },
 "pinnedVersusDefault": {
  "meaning": "names whose history before 1970 differs between the two builds, main+backzone (as the generator resolves names) and the default, -00 spans skipped",
  "count": 136,
  "from1850": 136,
  "names": [
   "Africa/Accra",
   "Africa/Addis_Ababa",
   "Africa/Asmara",
   "Africa/Asmera",
   "Africa/Bamako",
   "Africa/Bangui",
   "Africa/Banjul",
   "Africa/Blantyre",
   "Africa/Brazzaville",
   "Africa/Bujumbura",
   "Africa/Conakry",
   "Africa/Dakar",
   "Africa/Dar_es_Salaam",
   "Africa/Djibouti",
   "Africa/Douala",
   "Africa/Freetown",
   "Africa/Gaborone",
   "Africa/Harare",
   "Africa/Kampala",
   "Africa/Kigali",
   "Africa/Kinshasa",
   "Africa/Libreville",
   "Africa/Lome",
   "Africa/Luanda",
   "Africa/Lubumbashi",
   "Africa/Lusaka",
   "Africa/Malabo",
   "Africa/Maseru",
   "Africa/Mbabane",
   "Africa/Mogadishu",
   "Africa/Niamey",
   "Africa/Nouakchott",
   "Africa/Ouagadougou",
   "Africa/Porto-Novo",
   "Africa/Timbuktu",
   "America/Anguilla",
   "America/Antigua",
   "America/Argentina/ComodRivadavia",
   "America/Aruba",
   "America/Atikokan",
   "America/Blanc-Sablon",
   "America/Cayman",
   "America/Coral_Harbour",
   "America/Creston",
   "America/Curacao",
   "America/Dominica",
   "America/Ensenada",
   "America/Grenada",
   "America/Guadeloupe",
   "America/Kralendijk",
   "America/Lower_Princes",
   "America/Marigot",
   "America/Montreal",
   "America/Montserrat",
   "America/Nassau",
   "America/Nipigon",
   "America/Port_of_Spain",
   "America/Rainy_River",
   "America/Rosario",
   "America/St_Barthelemy",
   "America/St_Kitts",
   "America/St_Lucia",
   "America/St_Thomas",
   "America/St_Vincent",
   "America/Thunder_Bay",
   "America/Tortola",
   "America/Virgin",
   "America/Yellowknife",
   "Arctic/Longyearbyen",
   "Asia/Aden",
   "Asia/Bahrain",
   "Asia/Brunei",
   "Asia/Chongqing",
   "Asia/Chungking",
   "Asia/Harbin",
   "Asia/Kashgar",
   "Asia/Kuala_Lumpur",
   "Asia/Kuwait",
   "Asia/Muscat",
   "Asia/Phnom_Penh",
   "Asia/Tel_Aviv",
   "Asia/Vientiane",
   "Atlantic/Jan_Mayen",
   "Atlantic/Reykjavik",
   "Atlantic/St_Helena",
   "Australia/Currie",
   "CET",
   "CST6CDT",
   "EET",
   "EST",
   "EST5EDT",
   "Europe/Amsterdam",
   "Europe/Belfast",
   "Europe/Copenhagen",
   "Europe/Guernsey",
   "Europe/Isle_of_Man",
   "Europe/Jersey",
   "Europe/Ljubljana",
   "Europe/Luxembourg",
   "Europe/Monaco",
   "Europe/Oslo",
   "Europe/Sarajevo",
   "Europe/Skopje",
   "Europe/Stockholm",
   "Europe/Tiraspol",
   "Europe/Uzhgorod",
   "Europe/Vaduz",
   "Europe/Zagreb",
   "Europe/Zaporozhye",
   "HST",
   "Iceland",
   "Indian/Antananarivo",
   "Indian/Christmas",
   "Indian/Cocos",
   "Indian/Comoro",
   "Indian/Kerguelen",
   "Indian/Mahe",
   "Indian/Mayotte",
   "Indian/Reunion",
   "MET",
   "MST",
   "MST7MDT",
   "PST8PDT",
   "Pacific/Chuuk",
   "Pacific/Funafuti",
   "Pacific/Johnston",
   "Pacific/Majuro",
   "Pacific/Midway",
   "Pacific/Pohnpei",
   "Pacific/Ponape",
   "Pacific/Saipan",
   "Pacific/Truk",
   "Pacific/Wake",
   "Pacific/Wallis",
   "Pacific/Yap",
   "WET"
  ],
  "notShippedBecauseHostLegal": [
   "America/Argentina/ComodRivadavia",
   "America/Ensenada",
   "America/Nipigon",
   "America/Rainy_River",
   "America/Rosario",
   "Asia/Chongqing",
   "Asia/Chungking",
   "Asia/Harbin",
   "Asia/Kashgar",
   "Atlantic/Jan_Mayen",
   "EET",
   "Europe/Tiraspol",
   "Europe/Uzhgorod",
   "Europe/Zaporozhye",
   "WET"
  ],
  "notShippedOtherwise": [],
  "shippedOnly": [
   "America/Pangnirtung"
  ]
 },
 "pinnedVersusMakefileAll": {
  "meaning": "main+backzone as the generator compiles it against the Makefile's PACKRATDATA=backzone with PACKRATLIST empty, every offset before 1970, -00 included",
  "count": 13,
  "names": [
   "Africa/Asmera",
   "America/Kralendijk",
   "America/Lower_Princes",
   "America/Marigot",
   "America/St_Barthelemy",
   "America/Virgin",
   "Antarctica/South_Pole",
   "Arctic/Longyearbyen",
   "Asia/Chungking",
   "Iceland",
   "Pacific/Ponape",
   "Pacific/Truk",
   "Pacific/Yap"
  ],
  "links": [
   {
    "name": "Africa/Asmera",
    "backzoneLink": "Africa/Asmara",
    "backwardLink": "Africa/Nairobi",
    "makefileFollows": "backward"
   },
   {
    "name": "America/Kralendijk",
    "backzoneLink": "America/Curacao",
    "backwardLink": "America/Puerto_Rico",
    "makefileFollows": "backward"
   },
   {
    "name": "America/Lower_Princes",
    "backzoneLink": "America/Curacao",
    "backwardLink": "America/Puerto_Rico",
    "makefileFollows": "backward"
   },
   {
    "name": "America/Marigot",
    "backzoneLink": "America/Port_of_Spain",
    "backwardLink": "America/Puerto_Rico",
    "makefileFollows": "backward"
   },
   {
    "name": "America/St_Barthelemy",
    "backzoneLink": "America/Port_of_Spain",
    "backwardLink": "America/Puerto_Rico",
    "makefileFollows": "backward"
   },
   {
    "name": "America/Virgin",
    "backzoneLink": "America/St_Thomas",
    "backwardLink": "America/Puerto_Rico",
    "makefileFollows": "backward"
   },
   {
    "name": "Antarctica/South_Pole",
    "backzoneLink": "Antarctica/McMurdo",
    "backwardLink": "Pacific/Auckland",
    "makefileFollows": "backward"
   },
   {
    "name": "Arctic/Longyearbyen",
    "backzoneLink": "Europe/Oslo",
    "backwardLink": "Europe/Berlin",
    "makefileFollows": "backward"
   },
   {
    "name": "Asia/Chungking",
    "backzoneLink": "Asia/Chongqing",
    "backwardLink": "Asia/Shanghai",
    "makefileFollows": "backward"
   },
   {
    "name": "Iceland",
    "backzoneLink": "Atlantic/Reykjavik",
    "backwardLink": "Africa/Abidjan",
    "makefileFollows": "backward"
   },
   {
    "name": "Pacific/Ponape",
    "backzoneLink": "Pacific/Pohnpei",
    "backwardLink": "Pacific/Guadalcanal",
    "makefileFollows": "backward"
   },
   {
    "name": "Pacific/Truk",
    "backzoneLink": "Pacific/Chuuk",
    "backwardLink": "Pacific/Port_Moresby",
    "makefileFollows": "backward"
   },
   {
    "name": "Pacific/Yap",
    "backzoneLink": "Pacific/Chuuk",
    "backwardLink": "Pacific/Port_Moresby",
    "makefileFollows": "backward"
   }
  ]
 },
 "pinnedVersusMakefileZoneTab": {
  "meaning": "the same against PACKRATDATA=backzone PACKRATLIST=zone.tab, -00 spans skipped",
  "count": 44,
  "names": [
   "Africa/Asmera",
   "Africa/Timbuktu",
   "America/Argentina/ComodRivadavia",
   "America/Coral_Harbour",
   "America/Ensenada",
   "America/Kralendijk",
   "America/Lower_Princes",
   "America/Marigot",
   "America/Montreal",
   "America/Nipigon",
   "America/Rainy_River",
   "America/Rosario",
   "America/St_Barthelemy",
   "America/Thunder_Bay",
   "America/Virgin",
   "America/Yellowknife",
   "Arctic/Longyearbyen",
   "Asia/Chongqing",
   "Asia/Chungking",
   "Asia/Harbin",
   "Asia/Kashgar",
   "Asia/Tel_Aviv",
   "Atlantic/Jan_Mayen",
   "Australia/Currie",
   "CET",
   "CST6CDT",
   "EET",
   "EST",
   "EST5EDT",
   "Europe/Belfast",
   "Europe/Tiraspol",
   "Europe/Uzhgorod",
   "Europe/Zaporozhye",
   "HST",
   "Iceland",
   "MET",
   "MST",
   "MST7MDT",
   "PST8PDT",
   "Pacific/Johnston",
   "Pacific/Ponape",
   "Pacific/Truk",
   "Pacific/Yap",
   "WET"
  ]
 },
 "auditList": {
  "file": "src/fixtures/tzdb-divergence-98.json",
  "zones": 98,
  "listedButUnchanged": [
   "America/Tijuana",
   "Antarctica/DumontDUrville",
   "Antarctica/McMurdo",
   "Antarctica/Syowa"
  ],
  "changedButNotListed": [
   "Africa/Asmara",
   "Africa/Asmera",
   "Africa/Timbuktu",
   "America/Atikokan",
   "America/Montreal",
   "America/Pangnirtung",
   "America/Thunder_Bay",
   "America/Virgin",
   "America/Yellowknife",
   "Asia/Tel_Aviv",
   "Australia/Currie",
   "CET",
   "CST6CDT",
   "EST",
   "EST5EDT",
   "Europe/Belfast",
   "HST",
   "Iceland",
   "MET",
   "MST",
   "MST7MDT",
   "PST8PDT",
   "Pacific/Chuuk",
   "Pacific/Johnston",
   "Pacific/Pohnpei",
   "Pacific/Ponape",
   "Pacific/Truk",
   "Pacific/Yap"
  ]
 }
}
exit 0

