{
 "engineVersion": "0.1.1-rc.11",
 "expectation": "mismatches",
 "passed": true,
 "cases": 53168,
 "mismatches": 13163,
 "families": {
  "boundary-0.1-orbs": {
   "cases": 20000,
   "mismatches": 4384
  },
  "decimal-boundary": {
   "cases": 5520,
   "mismatches": 1596
  },
  "declination-boundary": {
   "cases": 2640,
   "mismatches": 176
  },
  "declination-rotated": {
   "cases": 2000,
   "mismatches": 0
  },
  "multi-body": {
   "cases": 3000,
   "mismatches": 1266
  },
  "review-reproductions": {
   "cases": 8,
   "mismatches": 3
  },
  "zero-orb-0.01-grid": {
   "cases": 20000,
   "mismatches": 5738
  }
 }
}
