# sh carrier-gates.sh consumer at ef44477 in a clean full-history clone; Node v22.22.2, npm 10.9.7, git 2.43.0, 2026-09-30
## the carried archive
43a72d30e483d8ff22024e403c4bd0d86d81bb6e1d0ad138f857cd001ab015d8  artifacts/zodiacs-engine-0.1.1-rc.16.tgz
exit 0
## node scripts/verify-packed-consumer.mjs
{
  "version": "0.1.1-rc.16",
  "birthWindow": "passed",
  "techniques": "passed",
  "sky": "passed",
  "houses": "passed",
  "planetaryReturns": "passed",
  "timeBasis": "passed",
  "zoneHistory": "passed",
  "timing": "passed",
  "configuredAspects": "passed",
  "exactAspectBoundaries": "passed",
  "chartDeclinations": "passed",
  "sunConvention": "passed",
  "boundMargin": "passed",
  "exactSeparation": "passed",
  "ephemerisSpan": "passed",
  "metadata": "passed",
  "bodyLabels": "passed",
  "ephemerisRangeErrors": "passed",
  "crossings": "passed",
  "publicExamples": "passed",
  "errors": "passed",
  "optionalIsolation": "passed",
  "geoRetry": "passed",
  "geoSchemaRecovery": "passed",
  "geoCacheMutationIsolation": "passed",
  "natalEnvelope": "passed",
  "redactedDiagnostic": "passed",
  "typedFlagCompatibility": "passed",
  "derivedEchoReplay": "passed",
  "suppliedChartMetadata": "passed",
  "flagRejections": "passed",
  "scalarSnapshots": "passed",
  "civilSettingsBeforeIntl": "passed",
  "artifact": "<clone>/artifacts/zodiacs-engine-0.1.1-rc.16.tgz",
  "sha256": "43a72d30e483d8ff22024e403c4bd0d86d81bb6e1d0ad138f857cd001ab015d8",
  "runtime": "v22.22.2",
  "typescript": "5.9.3",
  "typeRoots": "none (types: [])",
  "directory": "<tmp>/zodiacs-engine-consumer-o04CLW",
  "types": "passed",
  "directoryRemoved": true
}
exit 0

