# sh carrier-gates.sh consumer at bb1736a in a clean full-history clone; Node v20.19.0, npm 10.8.2, git 2.43.0, 2026-10-06
## the carried archive
cf1417d40bc2e1726857b17388415a3b588bd53ddd79848c78f8da2675657284  artifacts/zodiacs-engine-1.0.0-rc.1.tgz
exit 0
## node scripts/verify-packed-consumer.mjs
node:internal/errors:984
  const err = new Error(message);
              ^

Error: Command failed: <bin>/node <tmp>/zodiacs-engine-consumer-ayynWM/node_modules/typescript/bin/tsc -p tsconfig.json
    at genericNodeError (node:internal/errors:984:15)
    at wrappedFn (node:internal/errors:538:14)
    at checkExecSyncError (node:child_process:891:11)
    at execFileSync (node:child_process:927:15)
    at run (file://<clone>/scripts/verify-packed-consumer.mjs:33:3)
    at file://<clone>/scripts/verify-packed-consumer.mjs:194:1
    at ModuleJob.run (node:internal/modules/esm/module_job:263:25)
    at async ModuleLoader.import (node:internal/modules/esm/loader:540:24)
    at async asyncRunEntryPointWithESMLoader (node:internal/modules/run_main:117:5) {
  status: 2,
  signal: null,
  output: [
    null,
    "consumer.ts(45,7): error TS4104: The type 'readonly WindowChange[]' is 'readonly' and cannot be assigned to the mutable type 'WindowChange[]'.\n" +
      `consumer.ts(46,7): error TS2322: Type 'string' is not assignable to type '"sampled at one-second resolution"'.\n` +
      "consumer.ts(47,7): error TS4104: The type 'readonly WindowUnresolved[]' is 'readonly' and cannot be assigned to the mutable type 'WindowUnresolved[]'.\n",
    ''
  ],
  pid: 29980,
  stdout: "consumer.ts(45,7): error TS4104: The type 'readonly WindowChange[]' is 'readonly' and cannot be assigned to the mutable type 'WindowChange[]'.\n" +
    `consumer.ts(46,7): error TS2322: Type 'string' is not assignable to type '"sampled at one-second resolution"'.\n` +
    "consumer.ts(47,7): error TS4104: The type 'readonly WindowUnresolved[]' is 'readonly' and cannot be assigned to the mutable type 'WindowUnresolved[]'.\n",
  stderr: ''
}

Node.js v20.19.0
exit 1

