# sh carrier-gates.sh consumer at cbad72c in a clean full-history clone; Node v24.21.0, npm 11.19.0, git 2.43.0, 2026-09-29
## node scripts/verify-packed-consumer.mjs
{
  "version": "0.1.1-rc.15",
  "timeBasis": "passed",
  "zoneHistory": "passed",
  "timing": "passed",
  "configuredAspects": "passed",
  "exactAspectBoundaries": "passed",
  "chartDeclinations": "passed",
  "sunConvention": "passed",
  "boundMargin": "passed",
  "exactSeparation": "passed",
  "ephemerisSpan": "passed",
  "metadata": "passed",
  "bodyLabels": "passed",
  "ephemerisRangeErrors": "passed",
  "crossings": "passed",
  "publicExamples": "passed",
  "errors": "passed",
  "optionalIsolation": "passed",
  "geoRetry": "passed",
  "geoSchemaRecovery": "passed",
  "geoCacheMutationIsolation": "passed",
  "natalEnvelope": "passed",
  "redactedDiagnostic": "passed",
  "typedFlagCompatibility": "passed",
  "derivedEchoReplay": "passed",
  "suppliedChartMetadata": "passed",
  "flagRejections": "passed",
  "scalarSnapshots": "passed",
  "civilSettingsBeforeIntl": "passed",
  "artifact": "<work>/pack/zodiacs-engine-0.1.1-rc.15.tgz",
  "sha256": "24eeb597b0157598c0faa26bb615c0cb5dfaaeac0393d62c73fbd37c5da4d348",
  "runtime": "v24.21.0",
  "typescript": "5.9.3",
  "typeRoots": "none (types: [])",
  "directory": "<tmp>/zodiacs-engine-consumer-8UlSIo",
  "types": "passed",
  "directoryRemoved": true
}
exit 0

