# sh carrier-gates.sh pack at cbad72c in a clean full-history clone; Node v22.22.2, npm 10.9.7, git 2.43.0, 2026-09-29
## npm ci
added 110 packages in 3s
exit 0
## npm run build
exit 0
## npm pack --ignore-scripts
npm notice
npm notice package: @zodiacs/engine@0.1.1-rc.15
npm notice Tarball Contents
npm notice 56.1kB CHANGELOG.md
npm notice 1.1kB LICENSE
npm notice 15.6kB LICENSING.md
npm notice 5.8kB NOTICE
npm notice 47.3kB README.md
npm notice 10.8kB dist/api-CoB_kqE3.d.ts
npm notice 9.2kB dist/chunk-AECKV73C.js
npm notice 1.5kB dist/chunk-CPALRSPC.js
npm notice 11.7kB dist/chunk-CWI4YUDL.js
npm notice 2.4kB dist/chunk-KFTJMMG7.js
npm notice 13.1kB dist/chunk-KHBLFXFG.js
npm notice 5.3kB dist/chunk-MFF3VKO3.js
npm notice 4.8kB dist/chunk-ONBZ4HK7.js
npm notice 672B dist/chunk-OYGRVGXD.js
npm notice 2.9kB dist/chunk-PFGUCNOK.js
npm notice 11.6kB dist/chunk-ZHVI3KWJ.js
npm notice 24.0kB dist/chunk-ZZPITHQS.js
npm notice 4.4kB dist/crossings.d.ts
npm notice 173B dist/crossings.js
npm notice 3.9kB dist/deltat.d.ts
npm notice 161B dist/deltat.js
npm notice 8.6kB dist/geo.d.ts
npm notice 28.8kB dist/geo.js
npm notice 16.4kB dist/index.d.ts
npm notice 13.0kB dist/index.js
npm notice 12.5kB dist/internal-math-BbktkHCc.d.ts
npm notice 1.1kB dist/internal-math.d.ts
npm notice 1.3kB dist/internal-math.js
npm notice 522B dist/internal.d.ts
npm notice 305B dist/internal.js
npm notice 11.3kB dist/receipt.d.ts
npm notice 39.2kB dist/receipt.js
npm notice 20.1kB dist/timing.d.ts
npm notice 30.2kB dist/timing.js
npm notice 8.9kB dist/types-BsWaqwU_.d.ts
npm notice 11.6kB dist/tzdb-2025c-00-6GVG6RYL.js
npm notice 10.9kB dist/tzdb-2025c-01-CEYMG3LE.js
npm notice 16.7kB dist/tzdb-2025c-02-NWQJCVUU.js
npm notice 8.7kB dist/tzdb-2025c-03-PLHP6VH4.js
npm notice 12.1kB dist/tzdb-2025c-04-MEKUJA6M.js
npm notice 12.7kB dist/tzdb-2025c-05-3K5YKZBL.js
npm notice 10.5kB dist/tzdb-2025c-06-L2VV5XJV.js
npm notice 15.5kB dist/tzdb-2025c-07-H3GLGJGY.js
npm notice 12.4kB dist/tzdb-2025c-08-DA7QQIGD.js
npm notice 10.3kB dist/tzdb-2025c-09-MTXIO3QL.js
npm notice 9.2kB dist/tzdb-2025c-10-ASL4UW5C.js
npm notice 14.2kB dist/tzdb-2025c-11-EQEOANYB.js
npm notice 12.2kB dist/tzdb-2025c-12-NKCCXJ5G.js
npm notice 10.2kB dist/tzdb-2025c-13-DYTF3UC7.js
npm notice 10.2kB dist/tzdb-2025c-14-C25H45R5.js
npm notice 11.5kB dist/tzdb-2025c-15-7OYYZWRY.js
npm notice 19.0kB dist/vedic.d.ts
npm notice 32.8kB dist/vedic.js
npm notice 2.9kB package.json
npm notice Tarball Details
npm notice name: @zodiacs/engine
npm notice version: 0.1.1-rc.15
npm notice filename: zodiacs-engine-0.1.1-rc.15.tgz
npm notice package size: 191.0 kB
npm notice unpacked size: 668.3 kB
npm notice shasum: e4a49148b2cedc1c21fdba324e83b76f6d6b4862
npm notice integrity: sha512-eezpBQ0NU73ds[...]eF7Y2f8A24hsw==
npm notice total files: 54
npm notice
zodiacs-engine-0.1.1-rc.15.tgz
exit 0
## the packed archive against the carried one
24eeb597b0157598c0faa26bb615c0cb5dfaaeac0393d62c73fbd37c5da4d348  zodiacs-engine-0.1.1-rc.15.tgz
24eeb597b0157598c0faa26bb615c0cb5dfaaeac0393d62c73fbd37c5da4d348  zodiacs-engine-0.1.1-rc.15.tgz
exit 0

