# Paths: $SCRATCH stands for the session's scratchpad directory, the parent of the worktree and of TMPDIR.
# Gates on feature-houses-extra, 2026-09-29T14:01:45Z, node v22.22.2, npm 10.9.7
# TMPDIR=$SCRATCH/isolated-tmp (the scratchpad's node_modules is a symbolic link above it; see README)
## npm run typecheck
> @zodiacs/engine@0.1.1-rc.15 typecheck
> tsc -p tsconfig.typecheck.json --pretty false
exit status: 0
## npm run test
      Tests  23 failed | 3118 passed (3141)
 FAIL  scripts/verify-archive-binding.test.mjs > archive binding check > allows pinned superseded bytes only in their pinned commit, and refuses any other superseded entry
 FAIL  scripts/verify-archive-binding.test.mjs > archive binding check > binds each archive to its recorded source commit
 FAIL  scripts/verify-archive-binding.test.mjs > archive binding check > checks the receipt of every version, not only the current one
 FAIL  scripts/verify-archive-binding.test.mjs > archive binding check > ignores replace refs and grafts in the checkout's .git
 FAIL  scripts/verify-archive-binding.test.mjs > archive binding check > keeps code that an .npmrc names for NODE_OPTIONS out of the check and its rebuilds
 FAIL  scripts/verify-archive-binding.test.mjs > archive binding check > never finds a build tool through the checkout's node_modules/.bin on PATH
 FAIL  scripts/verify-archive-binding.test.mjs > archive binding check > never runs a git that npm run puts on PATH from the checkout
 FAIL  scripts/verify-archive-binding.test.mjs > archive binding check > passes a clean history and skips the rebuild until the version's archive exists
 FAIL  scripts/verify-archive-binding.test.mjs > archive binding check > reads HEAD from git objects, never the working tree
 FAIL  scripts/verify-archive-binding.test.mjs > archive binding check > rebuilds HEAD in both modes, so a packed file changed after the carrier fails either way
 FAIL  scripts/verify-archive-binding.test.mjs > archive binding check > rebuilds with its own npm ci, whatever the checkout's node_modules holds
 FAIL  scripts/verify-archive-binding.test.mjs > archive binding check > refuses a TMPDIR inside the checkout, or with a node_modules or package.json above it
 FAIL  scripts/verify-archive-binding.test.mjs > archive binding check > refuses a rewritten manifest that whitelists replaced bytes
 FAIL  scripts/verify-archive-binding.test.mjs > archive binding check > refuses a second archive under a version npm reads as an existing one, and a HEAD changed only by build metadata
 FAIL  scripts/verify-archive-binding.test.mjs > archive binding check > refuses an archive carried by a commit that does not follow its source commit
 FAIL  scripts/verify-archive-binding.test.mjs > archive binding check > refuses an archive without a manifest entry, and a shallow checkout
 FAIL  scripts/verify-archive-binding.test.mjs > archive binding check > refuses anything under artifacts/ but archives, receipts, the manifest and its README
 FAIL  scripts/verify-archive-binding.test.mjs > archive binding check > refuses artifacts/ as a symbolic link, at HEAD or in a middle commit restored by a merge
 FAIL  scripts/verify-archive-binding.test.mjs > archive binding check > refuses names that a case-insensitive or normalizing file system takes for one: variants of artifacts/, or two archives in it
 FAIL  scripts/verify-archive-binding.test.mjs > archive binding check > refuses numeric identifiers above 2^53 - 1, where npm's semver.eq takes two versions for one
 FAIL  scripts/verify-archive-binding.test.mjs > archive binding check > runs no hook from the checkout's .git
 FAIL  scripts/verify-archive-binding.test.mjs > archive binding check > sees a rewrite on a side branch hidden by merge simplification
 FAIL  scripts/verify-archive-binding.test.mjs > archive binding check > sees an archive carried and removed on a merged side branch
 Test Files  1 failed | 54 passed (55)
 ✓ src/houses-extra.test.ts (22 tests) 18670ms
 ✓ src/timing/planetary-returns.test.ts (36 tests) 7879ms
exit status: 1
## npm run build
DTS dist/geo.d.ts                    7.41 KB
DTS dist/timing.d.ts                 22.44 KB
DTS dist/vedic.d.ts                  18.31 KB
DTS dist/internal-math.d.ts          1.07 KB
DTS dist/houses-B54lgEta.d.ts        7.09 KB
DTS dist/types-DaBz09Ao.d.ts         8.71 KB
DTS dist/api-DE9NMU9J.d.ts           10.55 KB
DTS dist/internal-math-BXj0LpLv.d.ts 5.12 KB
exit status: 0
## npm run exports:smoke
> @zodiacs/engine@0.1.1-rc.15 exports:smoke
> node scripts/module-resolution-smoke.mjs
@zodiacs/engine export smoke test passed; receipt, crossings and deltat graphs have no external imports, the core graph (21 modules) reaches no timing, Vedic, geo or houses module and no zone history, and the geo entry loads its 16 shards lazily
exit status: 0
## npm run package:contents
> @zodiacs/engine@0.1.1-rc.15 package:contents
> node scripts/verify-package-contents.mjs
@zodiacs/engine package contents passed (57 files, 661209 bytes unpacked of 700000; import graphs: . 95273 of 100000, ./crossings 9410 of 10000 (173 beyond the core's), ./deltat 4968 of 5500 (161 beyond the core's), ./geo 31672 of 35000 (28743 beyond the core's), ./houses 13606 of 15000 (13606 beyond the core's), ./internal 56961 of 60000 (305 beyond the core's), ./internal/math 18165 of 20000 (1325 beyond the core's), ./receipt 62880 of 70000 (40216 beyond the core's), ./timing 114646 of 120000 (32376 beyond the core's), ./vedic 114106 of 120000 (32508 beyond the core's); zone histories 189144 of 200000 in 16 files; license MIT AND CC-BY-4.0; node ^20.19.0 || >=22.7.0)
exit status: 0
## npm run pack:dry-run
npm notice filename: zodiacs-engine-0.1.1-rc.15.tgz
npm notice package size: 185.5 kB
npm notice unpacked size: 661.2 kB
npm notice shasum: d22b7c8fed92260c13e4634c0ea13e22bab5e45f
npm notice integrity: sha512-BhFt/fIJkm93+[...]KyhTBo5leefDg==
npm notice total files: 57
npm notice
zodiacs-engine-0.1.1-rc.15.tgz
exit status: 0
