# TMPDIR=<tmp> npm run build, Node v22.22.2

> @zodiacs/engine@0.1.1-rc.15 build
> tsup src/index.ts src/crossings.ts src/deltat.ts src/geo.ts src/receipt.ts src/timing.ts src/vedic.ts src/internal.ts src/internal-math.ts --format esm --dts --clean --splitting --metafile --tsconfig tsconfig.build.json

CLI Building entry: src/crossings.ts, src/deltat.ts, src/geo.ts, src/index.ts, src/internal-math.ts, src/internal.ts, src/receipt.ts, src/timing.ts, src/vedic.ts
CLI Using tsconfig: tsconfig.build.json
CLI tsup v8.5.1
CLI Target: es2022
CLI Cleaning output folder
ESM Build start
ESM dist/tzdb-2025c-08-DA7QQIGD.js 12.15 KB
ESM dist/tzdb-2025c-09-MTXIO3QL.js 10.05 KB
ESM dist/tzdb-2025c-11-EQEOANYB.js 13.91 KB
ESM dist/tzdb-2025c-10-ASL4UW5C.js 8.99 KB
ESM dist/tzdb-2025c-12-NKCCXJ5G.js 11.95 KB
ESM dist/tzdb-2025c-13-DYTF3UC7.js 9.97 KB
ESM dist/tzdb-2025c-14-C25H45R5.js 10.00 KB
ESM dist/tzdb-2025c-00-6GVG6RYL.js 11.33 KB
ESM dist/vedic.js                  31.51 KB
ESM dist/tzdb-2025c-01-CEYMG3LE.js 10.63 KB
ESM dist/tzdb-2025c-02-NWQJCVUU.js 16.33 KB
ESM dist/tzdb-2025c-07-H3GLGJGY.js 15.18 KB
ESM dist/tzdb-2025c-03-PLHP6VH4.js 8.52 KB
ESM dist/tzdb-2025c-04-MEKUJA6M.js 11.82 KB
ESM dist/tzdb-2025c-06-L2VV5XJV.js 10.24 KB
ESM dist/tzdb-2025c-05-3K5YKZBL.js 12.36 KB
ESM dist/crossings.js              173.00 B
ESM dist/deltat.js                 161.00 B
ESM dist/geo.js                    28.13 KB
ESM dist/index.js                  12.70 KB
ESM dist/internal-math.js          1.29 KB
ESM dist/receipt.js                38.27 KB
ESM dist/internal.js               305.00 B
ESM dist/chunk-KFTJMMG7.js         2.34 KB
ESM dist/timing.js                 29.51 KB
ESM dist/chunk-AMIGY7MI.js         11.44 KB
ESM dist/chunk-AECKV73C.js         9.02 KB
ESM dist/chunk-PFGUCNOK.js         2.86 KB
ESM dist/chunk-NE4KZWYJ.js         29.08 KB
ESM dist/chunk-ZHVI3KWJ.js         11.31 KB
ESM dist/chunk-CPALRSPC.js         1.42 KB
ESM dist/chunk-ONBZ4HK7.js         4.69 KB
ESM dist/chunk-KHBLFXFG.js         12.77 KB
ESM dist/chunk-MFF3VKO3.js         5.14 KB
ESM dist/chunk-M4NDAZMA.js         672.00 B
ESM dist/tzdb-2025c-15-7OYYZWRY.js 11.27 KB
ESM ⚡️ Build success in 94ms
DTS Build start
DTS ⚡️ Build success in 3380ms
DTS dist/internal.d.ts               522.00 B
DTS dist/receipt.d.ts                10.99 KB
DTS dist/crossings.d.ts              4.33 KB
DTS dist/deltat.d.ts                 3.81 KB
DTS dist/index.d.ts                  15.99 KB
DTS dist/geo.d.ts                    8.39 KB
DTS dist/timing.d.ts                 19.59 KB
DTS dist/vedic.d.ts                  18.44 KB
DTS dist/internal-math.d.ts          1.04 KB
DTS dist/types-BsWaqwU_.d.ts         8.71 KB
DTS dist/api-CVDPPO5E.d.ts           10.51 KB
DTS dist/internal-math-BbktkHCc.d.ts 12.14 KB
# exit 0
