# TMPDIR=<tmp> npm run pack:dry-run, Node v22.22.2

> @zodiacs/engine@0.1.1-rc.15 pack:dry-run
> npm pack --dry-run


> @zodiacs/engine@0.1.1-rc.15 prepack
> npm run build


> @zodiacs/engine@0.1.1-rc.15 build
> tsup src/index.ts src/crossings.ts src/deltat.ts src/geo.ts src/receipt.ts src/timing.ts src/vedic.ts src/internal.ts src/internal-math.ts --format esm --dts --clean --splitting --metafile --tsconfig tsconfig.build.json

CLI Building entry: src/crossings.ts, src/deltat.ts, src/geo.ts, src/index.ts, src/internal-math.ts, src/internal.ts, src/receipt.ts, src/timing.ts, src/vedic.ts
CLI Using tsconfig: tsconfig.build.json
CLI tsup v8.5.1
CLI Target: es2022
CLI Cleaning output folder
ESM Build start
ESM dist/tzdb-2025c-07-H3GLGJGY.js 15.18 KB
ESM dist/tzdb-2025c-08-DA7QQIGD.js 12.15 KB
ESM dist/tzdb-2025c-09-MTXIO3QL.js 10.05 KB
ESM dist/tzdb-2025c-10-ASL4UW5C.js 8.99 KB
ESM dist/tzdb-2025c-11-EQEOANYB.js 13.91 KB
ESM dist/tzdb-2025c-12-NKCCXJ5G.js 11.95 KB
ESM dist/tzdb-2025c-15-7OYYZWRY.js 11.27 KB
ESM dist/tzdb-2025c-13-DYTF3UC7.js 9.97 KB
ESM dist/tzdb-2025c-14-C25H45R5.js 10.00 KB
ESM dist/vedic.js                  31.51 KB
ESM dist/tzdb-2025c-00-6GVG6RYL.js 11.33 KB
ESM dist/tzdb-2025c-01-CEYMG3LE.js 10.63 KB
ESM dist/tzdb-2025c-03-PLHP6VH4.js 8.52 KB
ESM dist/tzdb-2025c-04-MEKUJA6M.js 11.82 KB
ESM dist/tzdb-2025c-05-3K5YKZBL.js 12.36 KB
ESM dist/tzdb-2025c-06-L2VV5XJV.js 10.24 KB
ESM dist/crossings.js              173.00 B
ESM dist/deltat.js                 161.00 B
ESM dist/geo.js                    28.13 KB
ESM dist/index.js                  12.70 KB
ESM dist/internal.js               305.00 B
ESM dist/internal-math.js          1.29 KB
ESM dist/chunk-KFTJMMG7.js         2.34 KB
ESM dist/chunk-M4NDAZMA.js         672.00 B
ESM dist/timing.js                 29.51 KB
ESM dist/chunk-AMIGY7MI.js         11.44 KB
ESM dist/chunk-AECKV73C.js         9.02 KB
ESM dist/chunk-PFGUCNOK.js         2.86 KB
ESM dist/receipt.js                38.27 KB
ESM dist/chunk-NE4KZWYJ.js         29.08 KB
ESM dist/chunk-ZHVI3KWJ.js         11.31 KB
ESM dist/chunk-CPALRSPC.js         1.42 KB
ESM dist/chunk-ONBZ4HK7.js         4.69 KB
ESM dist/tzdb-2025c-02-NWQJCVUU.js 16.33 KB
ESM dist/chunk-KHBLFXFG.js         12.77 KB
ESM dist/chunk-MFF3VKO3.js         5.14 KB
ESM ⚡️ Build success in 103ms
DTS Build start
DTS ⚡️ Build success in 3305ms
DTS dist/internal.d.ts               522.00 B
DTS dist/receipt.d.ts                10.99 KB
DTS dist/crossings.d.ts              4.33 KB
DTS dist/deltat.d.ts                 3.81 KB
DTS dist/index.d.ts                  15.99 KB
DTS dist/geo.d.ts                    8.39 KB
DTS dist/timing.d.ts                 19.59 KB
DTS dist/vedic.d.ts                  18.44 KB
DTS dist/internal-math.d.ts          1.04 KB
DTS dist/types-BsWaqwU_.d.ts         8.71 KB
DTS dist/api-CVDPPO5E.d.ts           10.51 KB
DTS dist/internal-math-BbktkHCc.d.ts 12.14 KB
npm notice
npm notice package: @zodiacs/engine@0.1.1-rc.15
npm notice Tarball Contents
npm notice 62.5kB CHANGELOG.md
npm notice 1.1kB LICENSE
npm notice 16.8kB LICENSING.md
npm notice 7.0kB NOTICE
npm notice 49.2kB README.md
npm notice 10.8kB dist/api-CVDPPO5E.d.ts
npm notice 9.2kB dist/chunk-AECKV73C.js
npm notice 11.7kB dist/chunk-AMIGY7MI.js
npm notice 1.5kB dist/chunk-CPALRSPC.js
npm notice 2.4kB dist/chunk-KFTJMMG7.js
npm notice 13.1kB dist/chunk-KHBLFXFG.js
npm notice 672B dist/chunk-M4NDAZMA.js
npm notice 5.3kB dist/chunk-MFF3VKO3.js
npm notice 29.8kB dist/chunk-NE4KZWYJ.js
npm notice 4.8kB dist/chunk-ONBZ4HK7.js
npm notice 2.9kB dist/chunk-PFGUCNOK.js
npm notice 11.6kB dist/chunk-ZHVI3KWJ.js
npm notice 4.4kB dist/crossings.d.ts
npm notice 173B dist/crossings.js
npm notice 3.9kB dist/deltat.d.ts
npm notice 161B dist/deltat.js
npm notice 8.6kB dist/geo.d.ts
npm notice 28.8kB dist/geo.js
npm notice 16.4kB dist/index.d.ts
npm notice 13.0kB dist/index.js
npm notice 12.5kB dist/internal-math-BbktkHCc.d.ts
npm notice 1.1kB dist/internal-math.d.ts
npm notice 1.3kB dist/internal-math.js
npm notice 522B dist/internal.d.ts
npm notice 305B dist/internal.js
npm notice 11.3kB dist/receipt.d.ts
npm notice 39.2kB dist/receipt.js
npm notice 20.1kB dist/timing.d.ts
npm notice 30.2kB dist/timing.js
npm notice 8.9kB dist/types-BsWaqwU_.d.ts
npm notice 11.6kB dist/tzdb-2025c-00-6GVG6RYL.js
npm notice 10.9kB dist/tzdb-2025c-01-CEYMG3LE.js
npm notice 16.7kB dist/tzdb-2025c-02-NWQJCVUU.js
npm notice 8.7kB dist/tzdb-2025c-03-PLHP6VH4.js
npm notice 12.1kB dist/tzdb-2025c-04-MEKUJA6M.js
npm notice 12.7kB dist/tzdb-2025c-05-3K5YKZBL.js
npm notice 10.5kB dist/tzdb-2025c-06-L2VV5XJV.js
npm notice 15.5kB dist/tzdb-2025c-07-H3GLGJGY.js
npm notice 12.4kB dist/tzdb-2025c-08-DA7QQIGD.js
npm notice 10.3kB dist/tzdb-2025c-09-MTXIO3QL.js
npm notice 9.2kB dist/tzdb-2025c-10-ASL4UW5C.js
npm notice 14.2kB dist/tzdb-2025c-11-EQEOANYB.js
npm notice 12.2kB dist/tzdb-2025c-12-NKCCXJ5G.js
npm notice 10.2kB dist/tzdb-2025c-13-DYTF3UC7.js
npm notice 10.2kB dist/tzdb-2025c-14-C25H45R5.js
npm notice 11.5kB dist/tzdb-2025c-15-7OYYZWRY.js
npm notice 18.9kB dist/vedic.d.ts
npm notice 32.3kB dist/vedic.js
npm notice 2.9kB package.json
npm notice Tarball Details
npm notice name: @zodiacs/engine
npm notice version: 0.1.1-rc.15
npm notice filename: zodiacs-engine-0.1.1-rc.15.tgz
npm notice package size: 197.4 kB
npm notice unpacked size: 684.3 kB
npm notice shasum: 23ef88a037d2b8a18ab15471b50da9decafca981
npm notice integrity: sha512-wpVq8hK6aLtJf[...]U4ecaqm9I311A==
npm notice total files: 54
npm notice
zodiacs-engine-0.1.1-rc.15.tgz
# exit 0
