# TMPDIR=<tmp> npm run package:contents, Node v22.22.2

> @zodiacs/engine@0.1.1-rc.15 package:contents
> node scripts/verify-package-contents.mjs

node:internal/modules/run_main:123
    triggerUncaughtException(
    ^

AssertionError [ERR_ASSERTION]: the . entry's import graph is 103517 bytes, over its budget of 100000
    at file://<checkout>/scripts/verify-package-contents.mjs:115:3
    at ModuleJob.run (node:internal/modules/esm/module_job:343:25)
    at async onImport.tracePromise.__proto__ (node:internal/modules/esm/loader:665:26)
    at async asyncRunEntryPointWithESMLoader (node:internal/modules/run_main:117:5) {
  generatedMessage: false,
  code: 'ERR_ASSERTION',
  actual: false,
  expected: true,
  operator: '==',
  diff: 'simple'
}

Node.js v22.22.2
# exit 1
