# sh carrier-gates.sh consumer at b080217 in a clean full-history clone; Node v22.7.0, npm 10.8.2, git 2.43.0, 2026-10-06
## the carried archive
9cd24c788863424ef614aaadec580db5a0dfc529303d385274db48a092a5299a  artifacts/zodiacs-engine-0.1.1-rc.17.tgz
exit 0
## node scripts/verify-packed-consumer.mjs
{
  "version": "0.1.1-rc.17",
  "birthWindow": "passed",
  "techniques": "passed",
  "sky": "passed",
  "houses": "passed",
  "planetaryReturns": "passed",
  "timeBasis": "passed",
  "zoneHistory": "passed",
  "timing": "passed",
  "configuredAspects": "passed",
  "exactAspectBoundaries": "passed",
  "chartDeclinations": "passed",
  "sunConvention": "passed",
  "boundMargin": "passed",
  "exactSeparation": "passed",
  "ephemerisSpan": "passed",
  "metadata": "passed",
  "bodyLabels": "passed",
  "ephemerisRangeErrors": "passed",
  "crossings": "passed",
  "publicExamples": "passed",
  "errors": "passed",
  "optionalIsolation": "passed",
  "geoRetry": "passed",
  "geoSchemaRecovery": "passed",
  "geoCacheMutationIsolation": "passed",
  "natalEnvelope": "passed",
  "redactedDiagnostic": "passed",
  "typedFlagCompatibility": "passed",
  "derivedEchoReplay": "passed",
  "suppliedChartMetadata": "passed",
  "flagRejections": "passed",
  "scalarSnapshots": "passed",
  "civilSettingsBeforeIntl": "passed",
  "artifact": "<clone>/artifacts/zodiacs-engine-0.1.1-rc.17.tgz",
  "sha256": "9cd24c788863424ef614aaadec580db5a0dfc529303d385274db48a092a5299a",
  "runtime": "v22.7.0",
  "typescript": "5.9.3",
  "typeRoots": "none (types: [])",
  "directory": "<tmp>/zodiacs-engine-consumer-q2hfQm",
  "types": "passed",
  "directoryRemoved": true
}
exit 0

