# S1: skyfield, jplephem, numpy, pyerfa: 1.55 2.24 2.4.6 2.0.1.5; de440s.bsp sha256 c1c7feeab882263fc493a9d5a5b2ddd71b54826cdf65d8d17a76126b260a49f2; input sha256 be63dbcfd6e75f9d471d97d2fdd8fd186939c978baf774c942c3f3cb9a71724e, 2026-09-30T08:07:15Z
 -65  -180 Sun      108
 -65  -180 Moon     216
 -65  -180 Mercury  270
 -65  -180 Venus    324
 -65  -180 Mars     378
 -65  -180 Jupiter  432
 -65  -180 Saturn   486
 -65  -180 Uranus   540
 -65  -180 Neptune  594
 -65  -180 Pluto    648
 -65  -135 Sun      756
 -65  -135 Moon     864
 -65  -135 Mercury  918
 -65  -135 Venus    972
 -65  -135 Mars     1026
 -65  -135 Jupiter  1080
 -65  -135 Saturn   1134
 -65  -135 Uranus   1188
 -65  -135 Neptune  1242
 -65  -135 Pluto    1296
 -65   -90 Sun      1404
 -65   -90 Moon     1512
 -65   -90 Mercury  1566
 -65   -90 Venus    1620
 -65   -90 Mars     1674
 -65   -90 Jupiter  1728
 -65   -90 Saturn   1782
 -65   -90 Uranus   1836
 -65   -90 Neptune  1890
 -65   -90 Pluto    1944
 -65   -45 Sun      2052
 -65   -45 Moon     2160
 -65   -45 Mercury  2214
 -65   -45 Venus    2268
 -65   -45 Mars     2322
 -65   -45 Jupiter  2376
 -65   -45 Saturn   2430
 -65   -45 Uranus   2484
 -65   -45 Neptune  2538
 -65   -45 Pluto    2592
 -65     0 Sun      2700
 -65     0 Moon     2808
 -65     0 Mercury  2862
 -65     0 Venus    2916
 -65     0 Mars     2970
 -65     0 Jupiter  3024
 -65     0 Saturn   3078
 -65     0 Uranus   3132
 -65     0 Neptune  3186
 -65     0 Pluto    3240
 -65    45 Sun      3348
 -65    45 Moon     3456
 -65    45 Mercury  3510
 -65    45 Venus    3564
 -65    45 Mars     3618
 -65    45 Jupiter  3672
 -65    45 Saturn   3726
 -65    45 Uranus   3780
 -65    45 Neptune  3834
 -65    45 Pluto    3888
 -65    90 Sun      3996
 -65    90 Moon     4104
 -65    90 Mercury  4158
 -65    90 Venus    4212
 -65    90 Mars     4266
 -65    90 Jupiter  4320
 -65    90 Saturn   4374
 -65    90 Uranus   4428
 -65    90 Neptune  4482
 -65    90 Pluto    4536
 -65   135 Sun      4644
 -65   135 Moon     4752
 -65   135 Mercury  4806
 -65   135 Venus    4860
 -65   135 Mars     4914
 -65   135 Jupiter  4968
 -65   135 Saturn   5022
 -65   135 Uranus   5076
 -65   135 Neptune  5130
 -65   135 Pluto    5184
 -55  -180 Sun      5292
 -55  -180 Moon     5400
 -55  -180 Mercury  5454
 -55  -180 Venus    5508
 -55  -180 Mars     5562
 -55  -180 Jupiter  5616
 -55  -180 Saturn   5670
 -55  -180 Uranus   5724
 -55  -180 Neptune  5778
 -55  -180 Pluto    5832
 -55  -135 Sun      5940
 -55  -135 Moon     6048
 -55  -135 Mercury  6102
 -55  -135 Venus    6156
 -55  -135 Mars     6210
 -55  -135 Jupiter  6264
 -55  -135 Saturn   6318
 -55  -135 Uranus   6372
 -55  -135 Neptune  6426
 -55  -135 Pluto    6480
 -55   -90 Sun      6588
 -55   -90 Moon     6696
 -55   -90 Mercury  6750
 -55   -90 Venus    6804
 -55   -90 Mars     6858
 -55   -90 Jupiter  6912
 -55   -90 Saturn   6966
 -55   -90 Uranus   7020
 -55   -90 Neptune  7074
 -55   -90 Pluto    7128
 -55   -45 Sun      7236
 -55   -45 Moon     7344
 -55   -45 Mercury  7398
 -55   -45 Venus    7452
 -55   -45 Mars     7506
 -55   -45 Jupiter  7560
 -55   -45 Saturn   7614
 -55   -45 Uranus   7668
 -55   -45 Neptune  7722
 -55   -45 Pluto    7776
 -55     0 Sun      7884
 -55     0 Moon     7992
 -55     0 Mercury  8046
 -55     0 Venus    8100
 -55     0 Mars     8154
 -55     0 Jupiter  8208
 -55     0 Saturn   8262
 -55     0 Uranus   8316
 -55     0 Neptune  8370
 -55     0 Pluto    8424
 -55    45 Sun      8532
 -55    45 Moon     8640
 -55    45 Mercury  8694
 -55    45 Venus    8748
 -55    45 Mars     8802
 -55    45 Jupiter  8856
 -55    45 Saturn   8910
 -55    45 Uranus   8964
 -55    45 Neptune  9018
 -55    45 Pluto    9072
 -55    90 Sun      9180
 -55    90 Moon     9288
 -55    90 Mercury  9342
 -55    90 Venus    9396
 -55    90 Mars     9450
 -55    90 Jupiter  9504
 -55    90 Saturn   9558
 -55    90 Uranus   9612
 -55    90 Neptune  9666
 -55    90 Pluto    9720
 -55   135 Sun      9828
 -55   135 Moon     9936
 -55   135 Mercury  9990
 -55   135 Venus    10044
 -55   135 Mars     10098
 -55   135 Jupiter  10152
 -55   135 Saturn   10206
 -55   135 Uranus   10260
 -55   135 Neptune  10314
 -55   135 Pluto    10368
 -45  -180 Sun      10476
 -45  -180 Moon     10584
 -45  -180 Mercury  10638
 -45  -180 Venus    10692
 -45  -180 Mars     10746
 -45  -180 Jupiter  10800
 -45  -180 Saturn   10854
 -45  -180 Uranus   10908
 -45  -180 Neptune  10962
 -45  -180 Pluto    11016
 -45  -135 Sun      11124
 -45  -135 Moon     11232
 -45  -135 Mercury  11286
 -45  -135 Venus    11340
 -45  -135 Mars     11394
 -45  -135 Jupiter  11448
 -45  -135 Saturn   11502
 -45  -135 Uranus   11556
 -45  -135 Neptune  11610
 -45  -135 Pluto    11664
 -45   -90 Sun      11772
 -45   -90 Moon     11880
 -45   -90 Mercury  11934
 -45   -90 Venus    11988
 -45   -90 Mars     12042
 -45   -90 Jupiter  12096
 -45   -90 Saturn   12150
 -45   -90 Uranus   12204
 -45   -90 Neptune  12258
 -45   -90 Pluto    12312
 -45   -45 Sun      12420
 -45   -45 Moon     12528
 -45   -45 Mercury  12582
 -45   -45 Venus    12636
 -45   -45 Mars     12690
 -45   -45 Jupiter  12744
 -45   -45 Saturn   12798
 -45   -45 Uranus   12852
 -45   -45 Neptune  12906
 -45   -45 Pluto    12960
 -45     0 Sun      13068
 -45     0 Moon     13176
 -45     0 Mercury  13230
 -45     0 Venus    13284
 -45     0 Mars     13338
 -45     0 Jupiter  13392
 -45     0 Saturn   13446
 -45     0 Uranus   13500
 -45     0 Neptune  13554
 -45     0 Pluto    13608
 -45    45 Sun      13716
 -45    45 Moon     13824
 -45    45 Mercury  13878
 -45    45 Venus    13932
 -45    45 Mars     13986
 -45    45 Jupiter  14040
 -45    45 Saturn   14094
 -45    45 Uranus   14148
 -45    45 Neptune  14202
 -45    45 Pluto    14256
 -45    90 Sun      14364
 -45    90 Moon     14472
 -45    90 Mercury  14526
 -45    90 Venus    14580
 -45    90 Mars     14634
 -45    90 Jupiter  14688
 -45    90 Saturn   14742
 -45    90 Uranus   14796
 -45    90 Neptune  14850
 -45    90 Pluto    14904
 -45   135 Sun      15012
 -45   135 Moon     15120
 -45   135 Mercury  15174
 -45   135 Venus    15228
 -45   135 Mars     15282
 -45   135 Jupiter  15336
 -45   135 Saturn   15390
 -45   135 Uranus   15444
 -45   135 Neptune  15498
 -45   135 Pluto    15552
 -30  -180 Sun      15660
 -30  -180 Moon     15768
 -30  -180 Mercury  15822
 -30  -180 Venus    15876
 -30  -180 Mars     15930
 -30  -180 Jupiter  15984
 -30  -180 Saturn   16038
 -30  -180 Uranus   16092
 -30  -180 Neptune  16146
 -30  -180 Pluto    16200
 -30  -135 Sun      16308
 -30  -135 Moon     16416
 -30  -135 Mercury  16470
 -30  -135 Venus    16524
 -30  -135 Mars     16578
 -30  -135 Jupiter  16632
 -30  -135 Saturn   16686
 -30  -135 Uranus   16740
 -30  -135 Neptune  16794
 -30  -135 Pluto    16848
 -30   -90 Sun      16956
 -30   -90 Moon     17064
 -30   -90 Mercury  17118
 -30   -90 Venus    17172
 -30   -90 Mars     17226
 -30   -90 Jupiter  17280
 -30   -90 Saturn   17334
 -30   -90 Uranus   17388
 -30   -90 Neptune  17442
 -30   -90 Pluto    17496
 -30   -45 Sun      17604
 -30   -45 Moon     17712
 -30   -45 Mercury  17766
 -30   -45 Venus    17820
 -30   -45 Mars     17874
 -30   -45 Jupiter  17928
 -30   -45 Saturn   17982
 -30   -45 Uranus   18036
 -30   -45 Neptune  18090
 -30   -45 Pluto    18144
 -30     0 Sun      18252
 -30     0 Moon     18360
 -30     0 Mercury  18414
 -30     0 Venus    18468
 -30     0 Mars     18522
 -30     0 Jupiter  18576
 -30     0 Saturn   18630
 -30     0 Uranus   18684
 -30     0 Neptune  18738
 -30     0 Pluto    18792
 -30    45 Sun      18900
 -30    45 Moon     19008
 -30    45 Mercury  19062
 -30    45 Venus    19116
 -30    45 Mars     19170
 -30    45 Jupiter  19224
 -30    45 Saturn   19278
 -30    45 Uranus   19332
 -30    45 Neptune  19386
 -30    45 Pluto    19440
 -30    90 Sun      19548
 -30    90 Moon     19656
 -30    90 Mercury  19710
 -30    90 Venus    19764
 -30    90 Mars     19818
 -30    90 Jupiter  19872
 -30    90 Saturn   19926
 -30    90 Uranus   19980
 -30    90 Neptune  20034
 -30    90 Pluto    20088
 -30   135 Sun      20196
 -30   135 Moon     20304
 -30   135 Mercury  20358
 -30   135 Venus    20412
 -30   135 Mars     20466
 -30   135 Jupiter  20520
 -30   135 Saturn   20574
 -30   135 Uranus   20628
 -30   135 Neptune  20682
 -30   135 Pluto    20736
 -15  -180 Sun      20844
 -15  -180 Moon     20952
 -15  -180 Mercury  21006
 -15  -180 Venus    21060
 -15  -180 Mars     21114
 -15  -180 Jupiter  21168
 -15  -180 Saturn   21222
 -15  -180 Uranus   21276
 -15  -180 Neptune  21330
 -15  -180 Pluto    21384
 -15  -135 Sun      21492
 -15  -135 Moon     21600
 -15  -135 Mercury  21654
 -15  -135 Venus    21708
 -15  -135 Mars     21762
 -15  -135 Jupiter  21816
 -15  -135 Saturn   21870
 -15  -135 Uranus   21924
 -15  -135 Neptune  21978
 -15  -135 Pluto    22032
 -15   -90 Sun      22140
 -15   -90 Moon     22248
 -15   -90 Mercury  22302
 -15   -90 Venus    22356
 -15   -90 Mars     22410
 -15   -90 Jupiter  22464
 -15   -90 Saturn   22518
 -15   -90 Uranus   22572
 -15   -90 Neptune  22626
 -15   -90 Pluto    22680
 -15   -45 Sun      22788
 -15   -45 Moon     22896
 -15   -45 Mercury  22950
 -15   -45 Venus    23004
 -15   -45 Mars     23058
 -15   -45 Jupiter  23112
 -15   -45 Saturn   23166
 -15   -45 Uranus   23220
 -15   -45 Neptune  23274
 -15   -45 Pluto    23328
 -15     0 Sun      23436
 -15     0 Moon     23544
 -15     0 Mercury  23598
 -15     0 Venus    23652
 -15     0 Mars     23706
 -15     0 Jupiter  23760
 -15     0 Saturn   23814
 -15     0 Uranus   23868
 -15     0 Neptune  23922
 -15     0 Pluto    23976
 -15    45 Sun      24084
 -15    45 Moon     24192
 -15    45 Mercury  24246
 -15    45 Venus    24300
 -15    45 Mars     24354
 -15    45 Jupiter  24408
 -15    45 Saturn   24462
 -15    45 Uranus   24516
 -15    45 Neptune  24570
 -15    45 Pluto    24624
 -15    90 Sun      24732
 -15    90 Moon     24840
 -15    90 Mercury  24894
 -15    90 Venus    24948
 -15    90 Mars     25002
 -15    90 Jupiter  25056
 -15    90 Saturn   25110
 -15    90 Uranus   25164
 -15    90 Neptune  25218
 -15    90 Pluto    25272
 -15   135 Sun      25380
 -15   135 Moon     25488
 -15   135 Mercury  25542
 -15   135 Venus    25596
 -15   135 Mars     25650
 -15   135 Jupiter  25704
 -15   135 Saturn   25758
 -15   135 Uranus   25812
 -15   135 Neptune  25866
 -15   135 Pluto    25920
   0  -180 Sun      26028
   0  -180 Moon     26136
   0  -180 Mercury  26190
   0  -180 Venus    26244
   0  -180 Mars     26298
   0  -180 Jupiter  26352
   0  -180 Saturn   26406
   0  -180 Uranus   26460
   0  -180 Neptune  26514
   0  -180 Pluto    26568
   0  -135 Sun      26676
   0  -135 Moon     26784
   0  -135 Mercury  26838
   0  -135 Venus    26892
   0  -135 Mars     26946
   0  -135 Jupiter  27000
   0  -135 Saturn   27054
   0  -135 Uranus   27108
   0  -135 Neptune  27162
   0  -135 Pluto    27216
   0   -90 Sun      27324
   0   -90 Moon     27432
   0   -90 Mercury  27486
   0   -90 Venus    27540
   0   -90 Mars     27594
   0   -90 Jupiter  27648
   0   -90 Saturn   27702
   0   -90 Uranus   27756
   0   -90 Neptune  27810
   0   -90 Pluto    27864
   0   -45 Sun      27972
   0   -45 Moon     28080
   0   -45 Mercury  28134
   0   -45 Venus    28188
   0   -45 Mars     28242
   0   -45 Jupiter  28296
   0   -45 Saturn   28350
   0   -45 Uranus   28404
   0   -45 Neptune  28458
   0   -45 Pluto    28512
   0     0 Sun      28620
   0     0 Moon     28728
   0     0 Mercury  28782
   0     0 Venus    28836
   0     0 Mars     28890
   0     0 Jupiter  28944
   0     0 Saturn   28998
   0     0 Uranus   29052
   0     0 Neptune  29106
   0     0 Pluto    29160
   0    45 Sun      29268
   0    45 Moon     29376
   0    45 Mercury  29430
   0    45 Venus    29484
   0    45 Mars     29538
   0    45 Jupiter  29592
   0    45 Saturn   29646
   0    45 Uranus   29700
   0    45 Neptune  29754
   0    45 Pluto    29808
   0    90 Sun      29916
   0    90 Moon     30024
   0    90 Mercury  30078
   0    90 Venus    30132
   0    90 Mars     30186
   0    90 Jupiter  30240
   0    90 Saturn   30294
   0    90 Uranus   30348
   0    90 Neptune  30402
   0    90 Pluto    30456
   0   135 Sun      30564
   0   135 Moon     30672
   0   135 Mercury  30726
   0   135 Venus    30780
   0   135 Mars     30834
   0   135 Jupiter  30888
   0   135 Saturn   30942
   0   135 Uranus   30996
   0   135 Neptune  31050
   0   135 Pluto    31104
  15  -180 Sun      31212
  15  -180 Moon     31320
  15  -180 Mercury  31374
  15  -180 Venus    31428
  15  -180 Mars     31482
  15  -180 Jupiter  31536
  15  -180 Saturn   31590
  15  -180 Uranus   31644
  15  -180 Neptune  31698
  15  -180 Pluto    31752
  15  -135 Sun      31860
  15  -135 Moon     31968
  15  -135 Mercury  32022
  15  -135 Venus    32076
  15  -135 Mars     32130
  15  -135 Jupiter  32184
  15  -135 Saturn   32238
  15  -135 Uranus   32292
  15  -135 Neptune  32346
  15  -135 Pluto    32400
  15   -90 Sun      32508
  15   -90 Moon     32616
  15   -90 Mercury  32670
  15   -90 Venus    32724
  15   -90 Mars     32778
  15   -90 Jupiter  32832
  15   -90 Saturn   32886
  15   -90 Uranus   32940
  15   -90 Neptune  32994
  15   -90 Pluto    33048
  15   -45 Sun      33156
  15   -45 Moon     33264
  15   -45 Mercury  33318
  15   -45 Venus    33372
  15   -45 Mars     33426
  15   -45 Jupiter  33480
  15   -45 Saturn   33534
  15   -45 Uranus   33588
  15   -45 Neptune  33642
  15   -45 Pluto    33696
  15     0 Sun      33804
  15     0 Moon     33912
  15     0 Mercury  33966
  15     0 Venus    34020
  15     0 Mars     34074
  15     0 Jupiter  34128
  15     0 Saturn   34182
  15     0 Uranus   34236
  15     0 Neptune  34290
  15     0 Pluto    34344
  15    45 Sun      34452
  15    45 Moon     34560
  15    45 Mercury  34614
  15    45 Venus    34668
  15    45 Mars     34722
  15    45 Jupiter  34776
  15    45 Saturn   34830
  15    45 Uranus   34884
  15    45 Neptune  34938
  15    45 Pluto    34992
  15    90 Sun      35100
  15    90 Moon     35208
  15    90 Mercury  35262
  15    90 Venus    35316
  15    90 Mars     35370
  15    90 Jupiter  35424
  15    90 Saturn   35478
  15    90 Uranus   35532
  15    90 Neptune  35586
  15    90 Pluto    35640
  15   135 Sun      35748
  15   135 Moon     35856
  15   135 Mercury  35910
  15   135 Venus    35964
  15   135 Mars     36018
  15   135 Jupiter  36072
  15   135 Saturn   36126
  15   135 Uranus   36180
  15   135 Neptune  36234
  15   135 Pluto    36288
  30  -180 Sun      36396
  30  -180 Moon     36504
  30  -180 Mercury  36558
  30  -180 Venus    36612
  30  -180 Mars     36666
  30  -180 Jupiter  36720
  30  -180 Saturn   36774
  30  -180 Uranus   36828
  30  -180 Neptune  36882
  30  -180 Pluto    36936
  30  -135 Sun      37044
  30  -135 Moon     37152
  30  -135 Mercury  37206
  30  -135 Venus    37260
  30  -135 Mars     37314
  30  -135 Jupiter  37368
  30  -135 Saturn   37422
  30  -135 Uranus   37476
  30  -135 Neptune  37530
  30  -135 Pluto    37584
  30   -90 Sun      37692
  30   -90 Moon     37800
  30   -90 Mercury  37854
  30   -90 Venus    37908
  30   -90 Mars     37962
  30   -90 Jupiter  38016
  30   -90 Saturn   38070
  30   -90 Uranus   38124
  30   -90 Neptune  38178
  30   -90 Pluto    38232
  30   -45 Sun      38340
  30   -45 Moon     38448
  30   -45 Mercury  38502
  30   -45 Venus    38556
  30   -45 Mars     38610
  30   -45 Jupiter  38664
  30   -45 Saturn   38718
  30   -45 Uranus   38772
  30   -45 Neptune  38826
  30   -45 Pluto    38880
  30     0 Sun      38988
  30     0 Moon     39096
  30     0 Mercury  39150
  30     0 Venus    39204
  30     0 Mars     39258
  30     0 Jupiter  39312
  30     0 Saturn   39366
  30     0 Uranus   39420
  30     0 Neptune  39474
  30     0 Pluto    39528
  30    45 Sun      39636
  30    45 Moon     39744
  30    45 Mercury  39798
  30    45 Venus    39852
  30    45 Mars     39906
  30    45 Jupiter  39960
  30    45 Saturn   40014
  30    45 Uranus   40068
  30    45 Neptune  40122
  30    45 Pluto    40176
  30    90 Sun      40284
  30    90 Moon     40392
  30    90 Mercury  40446
  30    90 Venus    40500
  30    90 Mars     40554
  30    90 Jupiter  40608
  30    90 Saturn   40662
  30    90 Uranus   40716
  30    90 Neptune  40770
  30    90 Pluto    40824
  30   135 Sun      40932
  30   135 Moon     41040
  30   135 Mercury  41094
  30   135 Venus    41148
  30   135 Mars     41202
  30   135 Jupiter  41256
  30   135 Saturn   41310
  30   135 Uranus   41364
  30   135 Neptune  41418
  30   135 Pluto    41472
  45  -180 Sun      41580
  45  -180 Moon     41688
  45  -180 Mercury  41742
  45  -180 Venus    41796
  45  -180 Mars     41850
  45  -180 Jupiter  41904
  45  -180 Saturn   41958
  45  -180 Uranus   42012
  45  -180 Neptune  42066
  45  -180 Pluto    42120
  45  -135 Sun      42228
  45  -135 Moon     42336
  45  -135 Mercury  42390
  45  -135 Venus    42444
  45  -135 Mars     42498
  45  -135 Jupiter  42552
  45  -135 Saturn   42606
  45  -135 Uranus   42660
  45  -135 Neptune  42714
  45  -135 Pluto    42768
  45   -90 Sun      42876
  45   -90 Moon     42984
  45   -90 Mercury  43038
  45   -90 Venus    43092
  45   -90 Mars     43146
  45   -90 Jupiter  43200
  45   -90 Saturn   43254
  45   -90 Uranus   43308
  45   -90 Neptune  43362
  45   -90 Pluto    43416
  45   -45 Sun      43524
  45   -45 Moon     43632
  45   -45 Mercury  43686
  45   -45 Venus    43740
  45   -45 Mars     43794
  45   -45 Jupiter  43848
  45   -45 Saturn   43902
  45   -45 Uranus   43956
  45   -45 Neptune  44010
  45   -45 Pluto    44064
  45     0 Sun      44172
  45     0 Moon     44280
  45     0 Mercury  44334
  45     0 Venus    44388
  45     0 Mars     44442
  45     0 Jupiter  44496
  45     0 Saturn   44550
  45     0 Uranus   44604
  45     0 Neptune  44658
  45     0 Pluto    44712
  45    45 Sun      44820
  45    45 Moon     44928
  45    45 Mercury  44982
  45    45 Venus    45036
  45    45 Mars     45090
  45    45 Jupiter  45144
  45    45 Saturn   45198
  45    45 Uranus   45252
  45    45 Neptune  45306
  45    45 Pluto    45360
  45    90 Sun      45468
  45    90 Moon     45576
  45    90 Mercury  45630
  45    90 Venus    45684
  45    90 Mars     45738
  45    90 Jupiter  45792
  45    90 Saturn   45846
  45    90 Uranus   45900
  45    90 Neptune  45954
  45    90 Pluto    46008
  45   135 Sun      46116
  45   135 Moon     46224
  45   135 Mercury  46278
  45   135 Venus    46332
  45   135 Mars     46386
  45   135 Jupiter  46440
  45   135 Saturn   46494
  45   135 Uranus   46548
  45   135 Neptune  46602
  45   135 Pluto    46656
  55  -180 Sun      46764
  55  -180 Moon     46872
  55  -180 Mercury  46926
  55  -180 Venus    46980
  55  -180 Mars     47034
  55  -180 Jupiter  47088
  55  -180 Saturn   47142
  55  -180 Uranus   47196
  55  -180 Neptune  47250
  55  -180 Pluto    47304
  55  -135 Sun      47412
  55  -135 Moon     47520
  55  -135 Mercury  47574
  55  -135 Venus    47628
  55  -135 Mars     47682
  55  -135 Jupiter  47736
  55  -135 Saturn   47790
  55  -135 Uranus   47844
  55  -135 Neptune  47898
  55  -135 Pluto    47952
  55   -90 Sun      48060
  55   -90 Moon     48168
  55   -90 Mercury  48222
  55   -90 Venus    48276
  55   -90 Mars     48330
  55   -90 Jupiter  48384
  55   -90 Saturn   48438
  55   -90 Uranus   48492
  55   -90 Neptune  48546
  55   -90 Pluto    48600
  55   -45 Sun      48708
  55   -45 Moon     48816
  55   -45 Mercury  48870
  55   -45 Venus    48924
  55   -45 Mars     48978
  55   -45 Jupiter  49032
  55   -45 Saturn   49086
  55   -45 Uranus   49140
  55   -45 Neptune  49194
  55   -45 Pluto    49248
  55     0 Sun      49356
  55     0 Moon     49464
  55     0 Mercury  49518
  55     0 Venus    49572
  55     0 Mars     49626
  55     0 Jupiter  49680
  55     0 Saturn   49734
  55     0 Uranus   49788
  55     0 Neptune  49842
  55     0 Pluto    49896
  55    45 Sun      50004
  55    45 Moon     50112
  55    45 Mercury  50166
  55    45 Venus    50220
  55    45 Mars     50274
  55    45 Jupiter  50328
  55    45 Saturn   50382
  55    45 Uranus   50436
  55    45 Neptune  50490
  55    45 Pluto    50544
  55    90 Sun      50652
  55    90 Moon     50760
  55    90 Mercury  50814
  55    90 Venus    50868
  55    90 Mars     50922
  55    90 Jupiter  50976
  55    90 Saturn   51030
  55    90 Uranus   51084
  55    90 Neptune  51138
  55    90 Pluto    51192
  55   135 Sun      51300
  55   135 Moon     51408
  55   135 Mercury  51462
  55   135 Venus    51516
  55   135 Mars     51570
  55   135 Jupiter  51624
  55   135 Saturn   51678
  55   135 Uranus   51732
  55   135 Neptune  51786
  55   135 Pluto    51840
  65  -180 Sun      51948
  65  -180 Moon     52056
  65  -180 Mercury  52110
  65  -180 Venus    52164
  65  -180 Mars     52218
  65  -180 Jupiter  52272
  65  -180 Saturn   52326
  65  -180 Uranus   52380
  65  -180 Neptune  52434
  65  -180 Pluto    52488
  65  -135 Sun      52596
  65  -135 Moon     52704
  65  -135 Mercury  52758
  65  -135 Venus    52812
  65  -135 Mars     52866
  65  -135 Jupiter  52920
  65  -135 Saturn   52974
  65  -135 Uranus   53028
  65  -135 Neptune  53082
  65  -135 Pluto    53136
  65   -90 Sun      53244
  65   -90 Moon     53352
  65   -90 Mercury  53406
  65   -90 Venus    53460
  65   -90 Mars     53514
  65   -90 Jupiter  53568
  65   -90 Saturn   53622
  65   -90 Uranus   53676
  65   -90 Neptune  53730
  65   -90 Pluto    53784
  65   -45 Sun      53892
  65   -45 Moon     54000
  65   -45 Mercury  54054
  65   -45 Venus    54108
  65   -45 Mars     54162
  65   -45 Jupiter  54216
  65   -45 Saturn   54270
  65   -45 Uranus   54324
  65   -45 Neptune  54378
  65   -45 Pluto    54432
  65     0 Sun      54540
  65     0 Moon     54648
  65     0 Mercury  54702
  65     0 Venus    54756
  65     0 Mars     54810
  65     0 Jupiter  54864
  65     0 Saturn   54918
  65     0 Uranus   54972
  65     0 Neptune  55026
  65     0 Pluto    55080
  65    45 Sun      55188
  65    45 Moon     55296
  65    45 Mercury  55350
  65    45 Venus    55404
  65    45 Mars     55458
  65    45 Jupiter  55512
  65    45 Saturn   55566
  65    45 Uranus   55620
  65    45 Neptune  55674
  65    45 Pluto    55728
  65    90 Sun      55836
  65    90 Moon     55944
  65    90 Mercury  55998
  65    90 Venus    56052
  65    90 Mars     56106
  65    90 Jupiter  56160
  65    90 Saturn   56214
  65    90 Uranus   56268
  65    90 Neptune  56322
  65    90 Pluto    56376
  65   135 Sun      56484
  65   135 Moon     56592
  65   135 Mercury  56646
  65   135 Venus    56700
  65   135 Mars     56754
  65   135 Jupiter  56808
  65   135 Saturn   56862
  65   135 Uranus   56916
  65   135 Neptune  56970
  65   135 Pluto    57024
{
 "centre-no-refraction": {
  "count": 37226,
  "median": 0.045517802238464355,
  "p95": 0.17313432693481445,
  "max": 2.181793212890625,
  "over": 0,
  "extra": 0,
  "missing": 0
 },
 "default": {
  "count": 189491,
  "median": 0.13067960739135742,
  "p95": 0.9995460510253906,
  "max": 11.602711796760559,
  "over": 192,
  "extra": 0,
  "missing": 0
 }
}

real	74m37.498s
user	41m4.113s
sys	14m15.786s
# S2: pyswisseph 2.10.03 with sepl_18.se1 and semo_18.se1, 2026-09-30T09:21:53Z
{
 "centre-no-refraction": {
  "count": 37224,
  "median": 0.0832061767578125,
  "p95": 0.2849283218383789,
  "max": 2.1707491874694824,
  "over": 0,
  "unpaired": 0,
  "edge": 0
 },
 "default": {
  "count": 188982,
  "median": 0.1549091339111328,
  "p95": 0.9589828252792358,
  "max": 11.608559012413025,
  "over": 192,
  "unpaired": 0,
  "edge": 3
 }
}

real	2m44.738s
user	2m9.125s
sys	0m0.728s
# done 2026-09-30T09:24:38Z
